<?xml version="1.0"?>
<link_info>
   <banner>MSP430 Linker PC v4.2.2</banner>
   <copyright>Copyright (c) 2003-2013 Texas Instruments Incorporated</copyright>
   <link_time>0x52e1c2c8</link_time>
   <link_errors>0x1</link_errors>
   <output_file>EPD Extension Board.out</output_file>
   <entry_point>
      <name>_c_int00</name>
      <address>0xe27e</address>
   </entry_point>
   <input_file_list>
      <input_file id="fl-2">
         <path>.\src\EPD_Kit_Tool\Drivers\</path>
         <kind>object</kind>
         <file>Uart_Driver.obj</file>
         <name>Uart_Driver.obj</name>
      </input_file>
      <input_file id="fl-3">
         <path>.\src\EPD_Kit_Tool\Drivers\</path>
         <kind>object</kind>
         <file>EPD_LED.obj</file>
         <name>EPD_LED.obj</name>
      </input_file>
      <input_file id="fl-4">
         <path>.\src\EPD_Kit_Tool\</path>
         <kind>object</kind>
         <file>Uart_Controller.obj</file>
         <name>Uart_Controller.obj</name>
      </input_file>
      <input_file id="fl-5">
         <path>.\src\EPD_Kit_Tool\</path>
         <kind>object</kind>
         <file>Mem_Flash.obj</file>
         <name>Mem_Flash.obj</name>
      </input_file>
      <input_file id="fl-6">
         <path>.\src\EPD_Kit_Tool\</path>
         <kind>object</kind>
         <file>EPD_Kit_Tool_Process.obj</file>
         <name>EPD_Kit_Tool_Process.obj</name>
      </input_file>
      <input_file id="fl-7">
         <path>.\src\EPD_Kit_Tool\</path>
         <kind>object</kind>
         <file>Char.obj</file>
         <name>Char.obj</name>
      </input_file>
      <input_file id="fl-8">
         <path>.\src\Pervasive_Displays_small_EPD\COG\V230\</path>
         <kind>object</kind>
         <file>EPD_COG_process_v230_G2_2.obj</file>
         <name>EPD_COG_process_v230_G2_2.obj</name>
      </input_file>
      <input_file id="fl-9">
         <path>.\src\Pervasive_Displays_small_EPD\</path>
         <kind>object</kind>
         <file>EPD_hardware_gpio.obj</file>
         <name>EPD_hardware_gpio.obj</name>
      </input_file>
      <input_file id="fl-a">
         <path>.\src\Pervasive_Displays_small_EPD\</path>
         <kind>object</kind>
         <file>EPD_hardware_driver.obj</file>
         <name>EPD_hardware_driver.obj</name>
      </input_file>
      <input_file id="fl-b">
         <path>.\src\Pervasive_Displays_small_EPD\</path>
         <kind>object</kind>
         <file>EPD_controller.obj</file>
         <name>EPD_controller.obj</name>
      </input_file>
      <input_file id="fl-c">
         <path>.\src\Pervasive_Displays_small_EPD\</path>
         <kind>object</kind>
         <file>EPD_COG.obj</file>
         <name>EPD_COG.obj</name>
      </input_file>
      <input_file id="fl-d">
         <path>.\src\</path>
         <kind>object</kind>
         <file>main.obj</file>
         <name>main.obj</name>
      </input_file>
      <input_file id="fl-e">
         <path>.\src\</path>
         <kind>object</kind>
         <file>image_data.obj</file>
         <name>image_data.obj</name>
      </input_file>
      <input_file id="fl-28">
         <path>C:\ti\ccsv5\tools\compiler\msp430_4.2.2\lib\</path>
         <kind>archive</kind>
         <file>rts430_eabi.lib</file>
         <name>asr32.obj</name>
      </input_file>
      <input_file id="fl-29">
         <path>C:\ti\ccsv5\tools\compiler\msp430_4.2.2\lib\</path>
         <kind>archive</kind>
         <file>rts430_eabi.lib</file>
         <name>boot.obj</name>
      </input_file>
      <input_file id="fl-2a">
         <path>C:\ti\ccsv5\tools\compiler\msp430_4.2.2\lib\</path>
         <kind>archive</kind>
         <file>rts430_eabi.lib</file>
         <name>copy_decompress_none.obj</name>
      </input_file>
      <input_file id="fl-2b">
         <path>C:\ti\ccsv5\tools\compiler\msp430_4.2.2\lib\</path>
         <kind>archive</kind>
         <file>rts430_eabi.lib</file>
         <name>copy_decompress_rle.obj</name>
      </input_file>
      <input_file id="fl-2c">
         <path>C:\ti\ccsv5\tools\compiler\msp430_4.2.2\lib\</path>
         <kind>archive</kind>
         <file>rts430_eabi.lib</file>
         <name>copy_zero_init.obj</name>
      </input_file>
      <input_file id="fl-2d">
         <path>C:\ti\ccsv5\tools\compiler\msp430_4.2.2\lib\</path>
         <kind>archive</kind>
         <file>rts430_eabi.lib</file>
         <name>div16s.obj</name>
      </input_file>
      <input_file id="fl-2e">
         <path>C:\ti\ccsv5\tools\compiler\msp430_4.2.2\lib\</path>
         <kind>archive</kind>
         <file>rts430_eabi.lib</file>
         <name>div16u.obj</name>
      </input_file>
      <input_file id="fl-2f">
         <path>C:\ti\ccsv5\tools\compiler\msp430_4.2.2\lib\</path>
         <kind>archive</kind>
         <file>rts430_eabi.lib</file>
         <name>div32s.obj</name>
      </input_file>
      <input_file id="fl-30">
         <path>C:\ti\ccsv5\tools\compiler\msp430_4.2.2\lib\</path>
         <kind>archive</kind>
         <file>rts430_eabi.lib</file>
         <name>div32u.obj</name>
      </input_file>
      <input_file id="fl-31">
         <path>C:\ti\ccsv5\tools\compiler\msp430_4.2.2\lib\</path>
         <kind>archive</kind>
         <file>rts430_eabi.lib</file>
         <name>epilog.obj</name>
      </input_file>
      <input_file id="fl-32">
         <path>C:\ti\ccsv5\tools\compiler\msp430_4.2.2\lib\</path>
         <kind>archive</kind>
         <file>rts430_eabi.lib</file>
         <name>exit.obj</name>
      </input_file>
      <input_file id="fl-33">
         <path>C:\ti\ccsv5\tools\compiler\msp430_4.2.2\lib\</path>
         <kind>archive</kind>
         <file>rts430_eabi.lib</file>
         <name>fs_ltof.obj</name>
      </input_file>
      <input_file id="fl-34">
         <path>C:\ti\ccsv5\tools\compiler\msp430_4.2.2\lib\</path>
         <kind>archive</kind>
         <file>rts430_eabi.lib</file>
         <name>fs_toi.obj</name>
      </input_file>
      <input_file id="fl-35">
         <path>C:\ti\ccsv5\tools\compiler\msp430_4.2.2\lib\</path>
         <kind>archive</kind>
         <file>rts430_eabi.lib</file>
         <name>lsl16.obj</name>
      </input_file>
      <input_file id="fl-36">
         <path>C:\ti\ccsv5\tools\compiler\msp430_4.2.2\lib\</path>
         <kind>archive</kind>
         <file>rts430_eabi.lib</file>
         <name>lsl32.obj</name>
      </input_file>
      <input_file id="fl-37">
         <path>C:\ti\ccsv5\tools\compiler\msp430_4.2.2\lib\</path>
         <kind>archive</kind>
         <file>rts430_eabi.lib</file>
         <name>lsr16.obj</name>
      </input_file>
      <input_file id="fl-38">
         <path>C:\ti\ccsv5\tools\compiler\msp430_4.2.2\lib\</path>
         <kind>archive</kind>
         <file>rts430_eabi.lib</file>
         <name>memcpy.obj</name>
      </input_file>
      <input_file id="fl-39">
         <path>C:\ti\ccsv5\tools\compiler\msp430_4.2.2\lib\</path>
         <kind>archive</kind>
         <file>rts430_eabi.lib</file>
         <name>mult16.obj</name>
      </input_file>
      <input_file id="fl-3a">
         <path>C:\ti\ccsv5\tools\compiler\msp430_4.2.2\lib\</path>
         <kind>archive</kind>
         <file>rts430_eabi.lib</file>
         <name>mult32.obj</name>
      </input_file>
      <input_file id="fl-3b">
         <path>C:\ti\ccsv5\tools\compiler\msp430_4.2.2\lib\</path>
         <kind>archive</kind>
         <file>rts430_eabi.lib</file>
         <name>pre_init.obj</name>
      </input_file>
      <input_file id="fl-3c">
         <path>C:\ti\ccsv5\tools\compiler\msp430_4.2.2\lib\</path>
         <kind>archive</kind>
         <file>rts430_eabi.lib</file>
         <name>_lock.obj</name>
      </input_file>
      <input_file id="fl-3d">
         <path>C:\ti\ccsv5\tools\compiler\msp430_4.2.2\lib\</path>
         <kind>archive</kind>
         <file>rts430_eabi.lib</file>
         <name>args_main.obj</name>
      </input_file>
      <input_file id="fl-3e">
         <path>C:\ti\ccsv5\tools\compiler\msp430_4.2.2\lib\</path>
         <kind>archive</kind>
         <file>rts430_eabi.lib</file>
         <name>autoinit.obj</name>
      </input_file>
   </input_file_list>
   <object_component_list>
      <object_component id="oc-36">
         <name>.stack</name>
         <uninitialized>true</uninitialized>
         <run_address>0x3b0</run_address>
         <size>0x2</size>
         <input_file_ref idref="fl-29"/>
      </object_component>
      <object_component id="oc-511">
         <name>.stack</name>
         <uninitialized>true</uninitialized>
         <run_address>0x3b0</run_address>
         <size>0x0</size>
      </object_component>
      <object_component id="oc-114">
         <name>.text:uart_command_handle</name>
         <load_address>0xc000</load_address>
         <run_address>0xc000</run_address>
         <size>0x4fe</size>
         <input_file_ref idref="fl-6"/>
      </object_component>
      <object_component id="oc-400">
         <name>.text:stage_handle_flash</name>
         <load_address>0xc4fe</load_address>
         <run_address>0xc4fe</run_address>
         <size>0x4a6</size>
         <input_file_ref idref="fl-c"/>
      </object_component>
      <object_component id="oc-1ad">
         <name>.text:get_flash_image_info</name>
         <load_address>0xc9a4</load_address>
         <run_address>0xc9a4</run_address>
         <size>0x2a8</size>
         <input_file_ref idref="fl-5"/>
      </object_component>
      <object_component id="oc-332">
         <name>.text:EPD_power_off</name>
         <load_address>0xcc4c</load_address>
         <run_address>0xcc4c</run_address>
         <size>0x1e4</size>
         <input_file_ref idref="fl-c"/>
      </object_component>
      <object_component id="oc-242">
         <name>.text:write_ascii</name>
         <load_address>0xce30</load_address>
         <run_address>0xce30</run_address>
         <size>0x174</size>
         <input_file_ref idref="fl-5"/>
      </object_component>
      <object_component id="oc-301">
         <name>.text:EPD_initialize_driver</name>
         <load_address>0xcfa4</load_address>
         <run_address>0xcfa4</run_address>
         <size>0x10a</size>
         <input_file_ref idref="fl-c"/>
      </object_component>
      <object_component id="oc-3d3">
         <name>.text:set_temperature_factor</name>
         <load_address>0xd0ae</load_address>
         <run_address>0xd0ae</run_address>
         <size>0xc0</size>
         <input_file_ref idref="fl-c"/>
      </object_component>
      <object_component id="oc-1d3">
         <name>.text:get_flash_mark_image_info</name>
         <load_address>0xd16e</load_address>
         <run_address>0xd16e</run_address>
         <size>0xa8</size>
         <input_file_ref idref="fl-5"/>
      </object_component>
      <object_component id="oc-1ba">
         <name>.text:get_slideshow_image_address</name>
         <load_address>0xd216</load_address>
         <run_address>0xd216</run_address>
         <size>0xa6</size>
         <input_file_ref idref="fl-5"/>
      </object_component>
      <object_component id="oc-37c">
         <name>.text:system_packets_format_check</name>
         <load_address>0xd2bc</load_address>
         <run_address>0xd2bc</run_address>
         <size>0xa6</size>
         <input_file_ref idref="fl-4"/>
      </object_component>
      <object_component id="oc-1c7">
         <name>.text:get_custom_image_address</name>
         <load_address>0xd362</load_address>
         <run_address>0xd362</run_address>
         <size>0xa4</size>
         <input_file_ref idref="fl-5"/>
      </object_component>
      <object_component id="oc-13b">
         <name>.text:slideshow_run</name>
         <load_address>0xd406</load_address>
         <run_address>0xd406</run_address>
         <size>0xa4</size>
         <input_file_ref idref="fl-6"/>
      </object_component>
      <object_component id="oc-259">
         <name>.text:get_temperature</name>
         <load_address>0xd4aa</load_address>
         <run_address>0xd4aa</run_address>
         <size>0x90</size>
         <input_file_ref idref="fl-a"/>
      </object_component>
      <object_component id="oc-e9">
         <name>.text:set_MCU_frequency</name>
         <load_address>0xd53a</load_address>
         <run_address>0xd53a</run_address>
         <size>0x90</size>
         <input_file_ref idref="fl-d"/>
      </object_component>
      <object_component id="oc-2e2">
         <name>.text:CMD_PP</name>
         <load_address>0xd5ca</load_address>
         <run_address>0xd5ca</run_address>
         <size>0x70</size>
         <input_file_ref idref="fl-5"/>
      </object_component>
      <object_component id="oc-36b">
         <name>.text</name>
         <load_address>0xd63a</load_address>
         <run_address>0xd63a</run_address>
         <size>0x68</size>
         <input_file_ref idref="fl-34"/>
      </object_component>
      <object_component id="oc-1fd">
         <name>.text:write_slideshow_parameters</name>
         <load_address>0xd6a2</load_address>
         <run_address>0xd6a2</run_address>
         <size>0x66</size>
         <input_file_ref idref="fl-5"/>
      </object_component>
      <object_component id="oc-27a">
         <name>.text:is_flash_existed</name>
         <load_address>0xd708</load_address>
         <run_address>0xd708</run_address>
         <size>0x64</size>
         <input_file_ref idref="fl-5"/>
      </object_component>
      <object_component id="oc-293">
         <name>.text:flash_cmd_read</name>
         <load_address>0xd76c</load_address>
         <run_address>0xd76c</run_address>
         <size>0x60</size>
         <input_file_ref idref="fl-5"/>
      </object_component>
      <object_component id="oc-75">
         <name>.text:__TI_decompress_rle_core</name>
         <load_address>0xd7cc</load_address>
         <run_address>0xd7cc</run_address>
         <size>0x5e</size>
         <input_file_ref idref="fl-2b"/>
      </object_component>
      <object_component id="oc-52">
         <name>.text:_auto_init</name>
         <load_address>0xd82a</load_address>
         <run_address>0xd82a</run_address>
         <size>0x5e</size>
         <input_file_ref idref="fl-3e"/>
      </object_component>
      <object_component id="oc-12f">
         <name>.text:read_slideshow_parameters</name>
         <load_address>0xd888</load_address>
         <run_address>0xd888</run_address>
         <size>0x5e</size>
         <input_file_ref idref="fl-5"/>
      </object_component>
      <object_component id="oc-427">
         <name>.text</name>
         <load_address>0xd8e6</load_address>
         <run_address>0xd8e6</run_address>
         <size>0x58</size>
         <input_file_ref idref="fl-30"/>
      </object_component>
      <object_component id="oc-af">
         <name>.text:EPD_Kit_Tool_process_init</name>
         <load_address>0xd93e</load_address>
         <run_address>0xd93e</run_address>
         <size>0x56</size>
         <input_file_ref idref="fl-6"/>
      </object_component>
      <object_component id="oc-2fc">
         <name>.text:EPD_power_on</name>
         <load_address>0xd994</load_address>
         <run_address>0xd994</run_address>
         <size>0x56</size>
         <input_file_ref idref="fl-c"/>
      </object_component>
      <object_component id="oc-2e8">
         <name>.text:return_packets</name>
         <load_address>0xd9ea</load_address>
         <run_address>0xd9ea</run_address>
         <size>0x52</size>
         <input_file_ref idref="fl-4"/>
      </object_component>
      <object_component id="oc-160">
         <name>.text:EPD_initialize_gpio</name>
         <load_address>0xda3c</load_address>
         <run_address>0xda3c</run_address>
         <size>0x50</size>
         <input_file_ref idref="fl-9"/>
      </object_component>
      <object_component id="oc-32d">
         <name>.text:EPD_display_from_flash_prt</name>
         <load_address>0xda8c</load_address>
         <run_address>0xda8c</run_address>
         <size>0x4e</size>
         <input_file_ref idref="fl-c"/>
      </object_component>
      <object_component id="oc-b4">
         <name>.text:EPD_Kit_tool_process_task</name>
         <load_address>0xdada</load_address>
         <run_address>0xdada</run_address>
         <size>0x4c</size>
         <input_file_ref idref="fl-6"/>
      </object_component>
      <object_component id="oc-1f5">
         <name>.text:EPD_display_from_flash</name>
         <load_address>0xdb26</load_address>
         <run_address>0xdb26</run_address>
         <size>0x4c</size>
         <input_file_ref idref="fl-b"/>
      </object_component>
      <object_component id="oc-356">
         <name>.text</name>
         <load_address>0xdb72</load_address>
         <run_address>0xdb72</run_address>
         <size>0x4c</size>
         <input_file_ref idref="fl-37"/>
      </object_component>
      <object_component id="oc-3ce">
         <name>.text:COG_driver_EPDtype_select</name>
         <load_address>0xdbbe</load_address>
         <run_address>0xdbbe</run_address>
         <size>0x4a</size>
         <input_file_ref idref="fl-c"/>
      </object_component>
      <object_component id="oc-367">
         <name>.text</name>
         <load_address>0xdc08</load_address>
         <run_address>0xdc08</run_address>
         <size>0x4a</size>
         <input_file_ref idref="fl-33"/>
      </object_component>
      <object_component id="oc-16a">
         <name>.text:epd_spi_init</name>
         <load_address>0xdc52</load_address>
         <run_address>0xdc52</run_address>
         <size>0x48</size>
         <input_file_ref idref="fl-a"/>
      </object_component>
      <object_component id="oc-3dd">
         <name>.text:epd_spi_send</name>
         <load_address>0xdc9a</load_address>
         <run_address>0xdc9a</run_address>
         <size>0x48</size>
         <input_file_ref idref="fl-a"/>
      </object_component>
      <object_component id="oc-a0">
         <name>.text:system_init</name>
         <load_address>0xdce2</load_address>
         <run_address>0xdce2</run_address>
         <size>0x48</size>
         <input_file_ref idref="fl-d"/>
      </object_component>
      <object_component id="oc-2f6">
         <name>.text:erase_image</name>
         <load_address>0xdd2a</load_address>
         <run_address>0xdd2a</run_address>
         <size>0x46</size>
         <input_file_ref idref="fl-5"/>
      </object_component>
      <object_component id="oc-3b3">
         <name>.text:PWM_run</name>
         <load_address>0xdd70</load_address>
         <run_address>0xdd70</run_address>
         <size>0x40</size>
         <input_file_ref idref="fl-a"/>
      </object_component>
      <object_component id="oc-363">
         <name>.text</name>
         <load_address>0xddb0</load_address>
         <run_address>0xddb0</run_address>
         <size>0x40</size>
         <input_file_ref idref="fl-2f"/>
      </object_component>
      <object_component id="oc-44e">
         <name>.text:l_asr_const</name>
         <load_address>0xddf0</load_address>
         <run_address>0xddf0</run_address>
         <size>0x3e</size>
         <input_file_ref idref="fl-28"/>
      </object_component>
      <object_component id="oc-2f2">
         <name>.text:l_lsl_const</name>
         <load_address>0xde2e</load_address>
         <run_address>0xde2e</run_address>
         <size>0x3e</size>
         <input_file_ref idref="fl-36"/>
      </object_component>
      <object_component id="oc-338">
         <name>.text:CMD_SE</name>
         <load_address>0xde6c</load_address>
         <run_address>0xde6c</run_address>
         <size>0x3c</size>
         <input_file_ref idref="fl-5"/>
      </object_component>
      <object_component id="oc-3e2">
         <name>.text:epd_spi_send_byte</name>
         <load_address>0xdea8</load_address>
         <run_address>0xdea8</run_address>
         <size>0x3c</size>
         <input_file_ref idref="fl-a"/>
      </object_component>
      <object_component id="oc-272">
         <name>.text:data_interface_init</name>
         <load_address>0xdee4</load_address>
         <run_address>0xdee4</run_address>
         <size>0x3a</size>
         <input_file_ref idref="fl-2"/>
      </object_component>
      <object_component id="oc-3e">
         <name>.text:USCI0TX_ISR</name>
         <load_address>0xdf1e</load_address>
         <run_address>0xdf1e</run_address>
         <size>0x38</size>
         <input_file_ref idref="fl-2"/>
      </object_component>
      <object_component id="oc-434">
         <name>.text:put_system_buffer</name>
         <load_address>0xdf56</load_address>
         <run_address>0xdf56</run_address>
         <size>0x36</size>
         <input_file_ref idref="fl-4"/>
      </object_component>
      <object_component id="oc-253">
         <name>.text:return_system_packets</name>
         <load_address>0xdf8c</load_address>
         <run_address>0xdf8c</run_address>
         <size>0x34</size>
         <input_file_ref idref="fl-4"/>
      </object_component>
      <object_component id="oc-35d">
         <name>.text:data_transmit</name>
         <load_address>0xdfc0</load_address>
         <run_address>0xdfc0</run_address>
         <size>0x2e</size>
         <input_file_ref idref="fl-2"/>
      </object_component>
      <object_component id="oc-43">
         <name>.text:USCI0RX_ISR</name>
         <load_address>0xdfee</load_address>
         <run_address>0xdfee</run_address>
         <size>0x2c</size>
         <input_file_ref idref="fl-2"/>
      </object_component>
      <object_component id="oc-26d">
         <name>.text:data_receive_handle</name>
         <load_address>0xe01a</load_address>
         <run_address>0xe01a</run_address>
         <size>0x2c</size>
         <input_file_ref idref="fl-4"/>
      </object_component>
      <object_component id="oc-182">
         <name>.text</name>
         <load_address>0xe046</load_address>
         <run_address>0xe046</run_address>
         <size>0x2c</size>
         <input_file_ref idref="fl-2d"/>
      </object_component>
      <object_component id="oc-352">
         <name>.text</name>
         <load_address>0xe072</load_address>
         <run_address>0xe072</run_address>
         <size>0x2c</size>
         <input_file_ref idref="fl-35"/>
      </object_component>
      <object_component id="oc-1e3">
         <name>.text:write_mark</name>
         <load_address>0xe09e</load_address>
         <run_address>0xe09e</run_address>
         <size>0x2c</size>
         <input_file_ref idref="fl-5"/>
      </object_component>
      <object_component id="oc-21b">
         <name>.text:EPD_display_from_flash_Ex</name>
         <load_address>0xe0ca</load_address>
         <run_address>0xe0ca</run_address>
         <size>0x28</size>
         <input_file_ref idref="fl-b"/>
      </object_component>
      <object_component id="oc-391">
         <name>.text:send_flash_address</name>
         <load_address>0xe0f2</load_address>
         <run_address>0xe0f2</run_address>
         <size>0x28</size>
         <input_file_ref idref="fl-5"/>
      </object_component>
      <object_component id="oc-ef">
         <name>.text:EPD_display_hardware_init</name>
         <load_address>0xe11a</load_address>
         <run_address>0xe11a</run_address>
         <size>0x26</size>
         <input_file_ref idref="fl-a"/>
      </object_component>
      <object_component id="oc-2ee">
         <name>.text</name>
         <load_address>0xe140</load_address>
         <run_address>0xe140</run_address>
         <size>0x26</size>
         <input_file_ref idref="fl-3a"/>
      </object_component>
      <object_component id="oc-119">
         <name>.text:data_controller_init</name>
         <load_address>0xe166</load_address>
         <run_address>0xe166</run_address>
         <size>0x24</size>
         <input_file_ref idref="fl-4"/>
      </object_component>
      <object_component id="oc-1e8">
         <name>.text:CMD_CE</name>
         <load_address>0xe18a</load_address>
         <run_address>0xe18a</run_address>
         <size>0x22</size>
         <input_file_ref idref="fl-5"/>
      </object_component>
      <object_component id="oc-2c5">
         <name>.text:get_system_buffer</name>
         <load_address>0xe1ac</load_address>
         <run_address>0xe1ac</run_address>
         <size>0x20</size>
         <input_file_ref idref="fl-4"/>
      </object_component>
      <object_component id="oc-140">
         <name>.text:start_EPD_timer</name>
         <load_address>0xe1cc</load_address>
         <run_address>0xe1cc</run_address>
         <size>0x20</size>
         <input_file_ref idref="fl-a"/>
      </object_component>
      <object_component id="oc-3ea">
         <name>.text:CMD_RDSR</name>
         <load_address>0xe1ec</load_address>
         <run_address>0xe1ec</run_address>
         <size>0x1e</size>
         <input_file_ref idref="fl-5"/>
      </object_component>
      <object_component id="oc-207">
         <name>.text:epd_spi_detach</name>
         <load_address>0xe20a</load_address>
         <run_address>0xe20a</run_address>
         <size>0x1e</size>
         <input_file_ref idref="fl-a"/>
      </object_component>
      <object_component id="oc-386">
         <name>.text:epd_spi_write_ex</name>
         <load_address>0xe228</load_address>
         <run_address>0xe228</run_address>
         <size>0x1e</size>
         <input_file_ref idref="fl-a"/>
      </object_component>
      <object_component id="oc-14b">
         <name>.text:poll_system_packet_buffer</name>
         <load_address>0xe246</load_address>
         <run_address>0xe246</run_address>
         <size>0x1e</size>
         <input_file_ref idref="fl-4"/>
      </object_component>
      <object_component id="oc-a5">
         <name>.text:EPD_init</name>
         <load_address>0xe264</load_address>
         <run_address>0xe264</run_address>
         <size>0x1a</size>
         <input_file_ref idref="fl-c"/>
      </object_component>
      <object_component id="oc-22">
         <name>.text:_c_int00_noexit</name>
         <load_address>0xe27e</load_address>
         <run_address>0xe27e</run_address>
         <size>0x1a</size>
         <input_file_ref idref="fl-29"/>
      </object_component>
      <object_component id="oc-2b7">
         <name>.text:initialize_EPD_timer</name>
         <load_address>0xe298</load_address>
         <run_address>0xe298</run_address>
         <size>0x18</size>
         <input_file_ref idref="fl-a"/>
      </object_component>
      <object_component id="oc-57">
         <name>.text:main</name>
         <load_address>0xe2b0</load_address>
         <run_address>0xe2b0</run_address>
         <size>0x18</size>
         <input_file_ref idref="fl-d"/>
      </object_component>
      <object_component id="oc-1b3">
         <name>.text:EPD_power_init</name>
         <load_address>0xe2c8</load_address>
         <run_address>0xe2c8</run_address>
         <size>0x16</size>
         <input_file_ref idref="fl-b"/>
      </object_component>
      <object_component id="oc-11e">
         <name>.text:delay_ms</name>
         <load_address>0xe2de</load_address>
         <run_address>0xe2de</run_address>
         <size>0x16</size>
         <input_file_ref idref="fl-a"/>
      </object_component>
      <object_component id="oc-2dd">
         <name>.text</name>
         <load_address>0xe2f4</load_address>
         <run_address>0xe2f4</run_address>
         <size>0x16</size>
         <input_file_ref idref="fl-2e"/>
      </object_component>
      <object_component id="oc-123">
         <name>.text:check_EPD_extension_board</name>
         <load_address>0xe30a</load_address>
         <run_address>0xe30a</run_address>
         <size>0x14</size>
         <input_file_ref idref="fl-6"/>
      </object_component>
      <object_component id="oc-2c">
         <name>.text:decompress:ZI:__TI_zero_init</name>
         <load_address>0xe31e</load_address>
         <run_address>0xe31e</run_address>
         <size>0x14</size>
         <input_file_ref idref="fl-2c"/>
      </object_component>
      <object_component id="oc-153">
         <name>.text</name>
         <load_address>0xe332</load_address>
         <run_address>0xe332</run_address>
         <size>0x14</size>
         <input_file_ref idref="fl-39"/>
      </object_component>
      <object_component id="oc-312">
         <name>.text:CMD_WREN</name>
         <load_address>0xe346</load_address>
         <run_address>0xe346</run_address>
         <size>0x12</size>
         <input_file_ref idref="fl-5"/>
      </object_component>
      <object_component id="oc-48">
         <name>.text:Timer_A0</name>
         <load_address>0xe358</load_address>
         <run_address>0xe358</run_address>
         <size>0x12</size>
         <input_file_ref idref="fl-a"/>
      </object_component>
      <object_component id="oc-27">
         <name>.text:decompress:none:__TI_decompress_none</name>
         <load_address>0xe36a</load_address>
         <run_address>0xe36a</run_address>
         <size>0x12</size>
         <input_file_ref idref="fl-2a"/>
      </object_component>
      <object_component id="oc-62">
         <name>.text:memcpy</name>
         <load_address>0xe37c</load_address>
         <run_address>0xe37c</run_address>
         <size>0x12</size>
         <input_file_ref idref="fl-38"/>
      </object_component>
      <object_component id="oc-19e">
         <name>.text:return_system_packet_result</name>
         <load_address>0xe38e</load_address>
         <run_address>0xe38e</run_address>
         <size>0x12</size>
         <input_file_ref idref="fl-4"/>
      </object_component>
      <object_component id="oc-448">
         <name>.text:epd_spi_read</name>
         <load_address>0xe3a0</load_address>
         <run_address>0xe3a0</run_address>
         <size>0x10</size>
         <input_file_ref idref="fl-a"/>
      </object_component>
      <object_component id="oc-327">
         <name>.text:read_flash</name>
         <load_address>0xe3b0</load_address>
         <run_address>0xe3b0</run_address>
         <size>0x10</size>
         <input_file_ref idref="fl-5"/>
      </object_component>
      <object_component id="oc-9a">
         <name>.text</name>
         <load_address>0xe3c0</load_address>
         <run_address>0xe3c0</run_address>
         <size>0x10</size>
         <input_file_ref idref="fl-31"/>
      </object_component>
      <object_component id="oc-33f">
         <name>.text:SPIMISO_low</name>
         <load_address>0xe3d0</load_address>
         <run_address>0xe3d0</run_address>
         <size>0xe</size>
         <input_file_ref idref="fl-9"/>
      </object_component>
      <object_component id="oc-476">
         <name>.text:Wait_10us</name>
         <load_address>0xe3de</load_address>
         <run_address>0xe3de</run_address>
         <size>0xe</size>
         <input_file_ref idref="fl-a"/>
      </object_component>
      <object_component id="oc-268">
         <name>.text:clear_system_buffer</name>
         <load_address>0xe3ec</load_address>
         <run_address>0xe3ec</run_address>
         <size>0xe</size>
         <input_file_ref idref="fl-4"/>
      </object_component>
      <object_component id="oc-16f">
         <name>.text:initialize_temperature</name>
         <load_address>0xe3fa</load_address>
         <run_address>0xe3fa</run_address>
         <size>0xe</size>
         <input_file_ref idref="fl-a"/>
      </object_component>
      <object_component id="oc-202">
         <name>.text:stop_EPD_timer</name>
         <load_address>0xe408</load_address>
         <run_address>0xe408</run_address>
         <size>0xe</size>
         <input_file_ref idref="fl-a"/>
      </object_component>
      <object_component id="oc-f9">
         <name>.text:EPD_pwm_low</name>
         <load_address>0xe416</load_address>
         <run_address>0xe416</run_address>
         <size>0xc</size>
         <input_file_ref idref="fl-9"/>
      </object_component>
      <object_component id="oc-3f7">
         <name>.text:epd_spi_write</name>
         <load_address>0xe422</load_address>
         <run_address>0xe422</run_address>
         <size>0xc</size>
         <input_file_ref idref="fl-a"/>
      </object_component>
      <object_component id="oc-321">
         <name>.text:Flash_cs_high</name>
         <load_address>0xe42e</load_address>
         <run_address>0xe42e</run_address>
         <size>0xa</size>
         <input_file_ref idref="fl-5"/>
      </object_component>
      <object_component id="oc-317">
         <name>.text:Flash_cs_low</name>
         <load_address>0xe438</load_address>
         <run_address>0xe438</run_address>
         <size>0xa</size>
         <input_file_ref idref="fl-5"/>
      </object_component>
      <object_component id="oc-30d">
         <name>.text:IsFlashBusy</name>
         <load_address>0xe442</load_address>
         <run_address>0xe442</run_address>
         <size>0xa</size>
         <input_file_ref idref="fl-5"/>
      </object_component>
      <object_component id="oc-aa">
         <name>.text:LED_init</name>
         <load_address>0xe44c</load_address>
         <run_address>0xe44c</run_address>
         <size>0xa</size>
         <input_file_ref idref="fl-3"/>
      </object_component>
      <object_component id="oc-39">
         <name>.text:ADC10_ISR</name>
         <load_address>0xe456</load_address>
         <run_address>0xe456</run_address>
         <size>0x8</size>
         <input_file_ref idref="fl-a"/>
      </object_component>
      <object_component id="oc-3d8">
         <name>.text:EPD_IsBusy</name>
         <load_address>0xe45e</load_address>
         <run_address>0xe45e</run_address>
         <size>0x8</size>
         <input_file_ref idref="fl-9"/>
      </object_component>
      <object_component id="oc-3c2">
         <name>.text:EPD_border_high</name>
         <load_address>0xe466</load_address>
         <run_address>0xe466</run_address>
         <size>0x8</size>
         <input_file_ref idref="fl-9"/>
      </object_component>
      <object_component id="oc-108">
         <name>.text:EPD_border_low</name>
         <load_address>0xe46e</load_address>
         <run_address>0xe46e</run_address>
         <size>0x8</size>
         <input_file_ref idref="fl-9"/>
      </object_component>
      <object_component id="oc-3bd">
         <name>.text:EPD_cs_high</name>
         <load_address>0xe476</load_address>
         <run_address>0xe476</run_address>
         <size>0x8</size>
         <input_file_ref idref="fl-9"/>
      </object_component>
      <object_component id="oc-f4">
         <name>.text:EPD_cs_low</name>
         <load_address>0xe47e</load_address>
         <run_address>0xe47e</run_address>
         <size>0x8</size>
         <input_file_ref idref="fl-9"/>
      </object_component>
      <object_component id="oc-411">
         <name>.text:EPD_discharge_high</name>
         <load_address>0xe486</load_address>
         <run_address>0xe486</run_address>
         <size>0x8</size>
         <input_file_ref idref="fl-9"/>
      </object_component>
      <object_component id="oc-103">
         <name>.text:EPD_discharge_low</name>
         <load_address>0xe48e</load_address>
         <run_address>0xe48e</run_address>
         <size>0x8</size>
         <input_file_ref idref="fl-9"/>
      </object_component>
      <object_component id="oc-2cf">
         <name>.text:EPD_flash_cs_high</name>
         <load_address>0xe496</load_address>
         <run_address>0xe496</run_address>
         <size>0x8</size>
         <input_file_ref idref="fl-9"/>
      </object_component>
      <object_component id="oc-3f1">
         <name>.text:EPD_flash_cs_low</name>
         <load_address>0xe49e</load_address>
         <run_address>0xe49e</run_address>
         <size>0x8</size>
         <input_file_ref idref="fl-9"/>
      </object_component>
      <object_component id="oc-349">
         <name>.text:SPICLK_low</name>
         <load_address>0xe4a6</load_address>
         <run_address>0xe4a6</run_address>
         <size>0x8</size>
         <input_file_ref idref="fl-9"/>
      </object_component>
      <object_component id="oc-344">
         <name>.text:SPIMOSI_low</name>
         <load_address>0xe4ae</load_address>
         <run_address>0xe4ae</run_address>
         <size>0x8</size>
         <input_file_ref idref="fl-9"/>
      </object_component>
      <object_component id="oc-38b">
         <name>.text:get_byte</name>
         <load_address>0xe4b6</load_address>
         <run_address>0xe4b6</run_address>
         <size>0x8</size>
         <input_file_ref idref="fl-5"/>
      </object_component>
      <object_component id="oc-157">
         <name>.text:get_current_time_tick</name>
         <load_address>0xe4be</load_address>
         <run_address>0xe4be</run_address>
         <size>0x8</size>
         <input_file_ref idref="fl-a"/>
      </object_component>
      <object_component id="oc-165">
         <name>.text:EPD_Vcc_turn_off</name>
         <load_address>0xe4c6</load_address>
         <run_address>0xe4c6</run_address>
         <size>0x6</size>
         <input_file_ref idref="fl-9"/>
      </object_component>
      <object_component id="oc-3b8">
         <name>.text:EPD_Vcc_turn_on</name>
         <load_address>0xe4cc</load_address>
         <run_address>0xe4cc</run_address>
         <size>0x6</size>
         <input_file_ref idref="fl-9"/>
      </object_component>
      <object_component id="oc-453">
         <name>.text:EPD_pwm_high</name>
         <load_address>0xe4d2</load_address>
         <run_address>0xe4d2</run_address>
         <size>0x6</size>
         <input_file_ref idref="fl-9"/>
      </object_component>
      <object_component id="oc-3c7">
         <name>.text:EPD_rst_high</name>
         <load_address>0xe4d8</load_address>
         <run_address>0xe4d8</run_address>
         <size>0x6</size>
         <input_file_ref idref="fl-9"/>
      </object_component>
      <object_component id="oc-fe">
         <name>.text:EPD_rst_low</name>
         <load_address>0xe4de</load_address>
         <run_address>0xe4de</run_address>
         <size>0x6</size>
         <input_file_ref idref="fl-9"/>
      </object_component>
      <object_component id="oc-10e">
         <name>.text:LED_OFF</name>
         <load_address>0xe4e4</load_address>
         <run_address>0xe4e4</run_address>
         <size>0x6</size>
         <input_file_ref idref="fl-3"/>
      </object_component>
      <object_component id="oc-145">
         <name>.text:LED_ON</name>
         <load_address>0xe4ea</load_address>
         <run_address>0xe4ea</run_address>
         <size>0x6</size>
         <input_file_ref idref="fl-3"/>
      </object_component>
      <object_component id="oc-136">
         <name>.text:LED_Trigger</name>
         <load_address>0xe4f0</load_address>
         <run_address>0xe4f0</run_address>
         <size>0x6</size>
         <input_file_ref idref="fl-3"/>
      </object_component>
      <object_component id="oc-31">
         <name>.text:decompress:rle24:__TI_decompress_rle24</name>
         <load_address>0xe4f6</load_address>
         <run_address>0xe4f6</run_address>
         <size>0x6</size>
         <input_file_ref idref="fl-2b"/>
      </object_component>
      <object_component id="oc-2bf">
         <name>.text:number_of_system_buffer</name>
         <load_address>0xe4fc</load_address>
         <run_address>0xe4fc</run_address>
         <size>0x6</size>
         <input_file_ref idref="fl-4"/>
      </object_component>
      <object_component id="oc-1ef">
         <name>.text:read_flash_handle</name>
         <load_address>0xe502</load_address>
         <run_address>0xe502</run_address>
         <size>0x6</size>
         <input_file_ref idref="fl-6"/>
      </object_component>
      <object_component id="oc-31c">
         <name>.text:send_byte</name>
         <load_address>0xe508</load_address>
         <run_address>0xe508</run_address>
         <size>0x6</size>
         <input_file_ref idref="fl-5"/>
      </object_component>
      <object_component id="oc-211">
         <name>.text:set_current_time_tick</name>
         <load_address>0xe50e</load_address>
         <run_address>0xe50e</run_address>
         <size>0x6</size>
         <input_file_ref idref="fl-a"/>
      </object_component>
      <object_component id="oc-192">
         <name>.text:write_flash</name>
         <load_address>0xe514</load_address>
         <run_address>0xe514</run_address>
         <size>0x6</size>
         <input_file_ref idref="fl-5"/>
      </object_component>
      <object_component id="oc-4d">
         <name>.text:_system_pre_init</name>
         <load_address>0xe51a</load_address>
         <run_address>0xe51a</run_address>
         <size>0x4</size>
         <input_file_ref idref="fl-3b"/>
      </object_component>
      <object_component id="oc-5c">
         <name>.text:abort</name>
         <load_address>0xe51e</load_address>
         <run_address>0xe51e</run_address>
         <size>0x4</size>
         <input_file_ref idref="fl-32"/>
      </object_component>
      <object_component id="oc-510">
         <name>.cinit..data.load</name>
         <load_address>0xe890</load_address>
         <run_address>0xe890</run_address>
         <size>0x6</size>
      </object_component>
      <object_component id="oc-50d">
         <name>__TI_handler_table</name>
         <load_address>0xe896</load_address>
         <run_address>0xe896</run_address>
         <size>0x6</size>
      </object_component>
      <object_component id="oc-50f">
         <name>.cinit..bss.load</name>
         <load_address>0xe89c</load_address>
         <run_address>0xe89c</run_address>
         <size>0x4</size>
      </object_component>
      <object_component id="oc-50e">
         <name>__TI_cinit_table</name>
         <load_address>0xe8a0</load_address>
         <run_address>0xe8a0</run_address>
         <size>0x8</size>
      </object_component>
      <object_component id="oc-35a">
         <name>.const:ASCII_character_bitmaps</name>
         <load_address>0xe522</load_address>
         <run_address>0xe522</run_address>
         <size>0x2f8</size>
         <input_file_ref idref="fl-7"/>
      </object_component>
      <object_component id="oc-17d">
         <name>.const:COG_parameters</name>
         <load_address>0xe81a</load_address>
         <run_address>0xe81a</run_address>
         <size>0x3c</size>
         <input_file_ref idref="fl-c"/>
      </object_component>
      <object_component id="oc-470">
         <name>.const:temperature_table</name>
         <load_address>0xe856</load_address>
         <run_address>0xe856</run_address>
         <size>0x30</size>
         <input_file_ref idref="fl-c"/>
      </object_component>
      <object_component id="oc-252">
         <name>.const:.string</name>
         <load_address>0xe886</load_address>
         <run_address>0xe886</run_address>
         <size>0x6</size>
         <input_file_ref idref="fl-6"/>
      </object_component>
      <object_component id="oc-409">
         <name>.const:.string:SCAN_TABLE</name>
         <load_address>0xe88c</load_address>
         <run_address>0xe88c</run_address>
         <size>0x4</size>
         <input_file_ref idref="fl-c"/>
      </object_component>
      <object_component id="oc-1e">
         <name>.int05</name>
         <load_address>0xffea</load_address>
         <run_address>0xffea</run_address>
         <size>0x2</size>
         <input_file_ref idref="fl-a"/>
      </object_component>
      <object_component id="oc-1f">
         <name>.int06</name>
         <load_address>0xffec</load_address>
         <run_address>0xffec</run_address>
         <size>0x2</size>
         <input_file_ref idref="fl-2"/>
      </object_component>
      <object_component id="oc-20">
         <name>.int07</name>
         <load_address>0xffee</load_address>
         <run_address>0xffee</run_address>
         <size>0x2</size>
         <input_file_ref idref="fl-2"/>
      </object_component>
      <object_component id="oc-21">
         <name>.int08</name>
         <load_address>0xfff0</load_address>
         <run_address>0xfff0</run_address>
         <size>0x2</size>
         <input_file_ref idref="fl-a"/>
      </object_component>
      <object_component id="oc-38">
         <name>.reset</name>
         <load_address>0xfffe</load_address>
         <run_address>0xfffe</run_address>
         <size>0x2</size>
         <input_file_ref idref="fl-29"/>
      </object_component>
      <object_component id="oc-382">
         <name>.common:_RxEventHandle</name>
         <uninitialized>true</uninitialized>
         <run_address>0x2e6</run_address>
         <size>0x2</size>
      </object_component>
      <object_component id="oc-425">
         <name>.common:tx_iptr</name>
         <uninitialized>true</uninitialized>
         <run_address>0x2fe</run_address>
         <size>0x1</size>
      </object_component>
      <object_component id="oc-421">
         <name>.common:tx_optr</name>
         <uninitialized>true</uninitialized>
         <run_address>0x2ff</run_address>
         <size>0x1</size>
      </object_component>
      <object_component id="oc-423">
         <name>.common:tx_buf</name>
         <uninitialized>true</uninitialized>
         <run_address>0x2ca</run_address>
         <size>0x10</size>
      </object_component>
      <object_component id="oc-2ca">
         <name>.common:_receive_packets_event</name>
         <uninitialized>true</uninitialized>
         <run_address>0x2e8</run_address>
         <size>0x2</size>
      </object_component>
      <object_component id="oc-445">
         <name>.common:data_Rx_buffer</name>
         <uninitialized>true</uninitialized>
         <run_address>0x296</run_address>
         <size>0x23</size>
      </object_component>
      <object_component id="oc-4d5">
         <name>.common:system_packets</name>
         <uninitialized>true</uninitialized>
         <run_address>0x270</run_address>
         <size>0x26</size>
      </object_component>
      <object_component id="oc-4d7">
         <name>.common:system_packet_count</name>
         <uninitialized>true</uninitialized>
         <run_address>0x2fa</run_address>
         <size>0x1</size>
      </object_component>
      <object_component id="oc-3a6">
         <name>.common:system_packet_get_index</name>
         <uninitialized>true</uninitialized>
         <run_address>0x2fb</run_address>
         <size>0x1</size>
      </object_component>
      <object_component id="oc-4d8">
         <name>.common:system_packet_put_index</name>
         <uninitialized>true</uninitialized>
         <run_address>0x2fc</run_address>
         <size>0x1</size>
      </object_component>
      <object_component id="oc-2b0">
         <name>.common:image_info</name>
         <uninitialized>true</uninitialized>
         <run_address>0x2ba</run_address>
         <size>0x10</size>
      </object_component>
      <object_component id="oc-2b4">
         <name>.common:slideshow_parameter</name>
         <uninitialized>true</uninitialized>
         <run_address>0x2da</run_address>
         <size>0x4</size>
      </object_component>
      <object_component id="oc-1e2">
         <name>.common:write_flash_address</name>
         <uninitialized>true</uninitialized>
         <run_address>0x2de</run_address>
         <size>0x4</size>
      </object_component>
      <object_component id="oc-280">
         <name>.common:board_is_connected</name>
         <uninitialized>true</uninitialized>
         <run_address>0x26f</run_address>
         <size>0x1</size>
      </object_component>
      <object_component id="oc-1df">
         <name>.common:image_count</name>
         <uninitialized>true</uninitialized>
         <run_address>0x2f4</run_address>
         <size>0x2</size>
      </object_component>
      <object_component id="oc-18b">
         <name>.common:line_count</name>
         <uninitialized>true</uninitialized>
         <run_address>0x2b9</run_address>
         <size>0x1</size>
      </object_component>
      <object_component id="oc-19b">
         <name>.common:rest_data_count</name>
         <uninitialized>true</uninitialized>
         <run_address>0x2f8</run_address>
         <size>0x1</size>
      </object_component>
      <object_component id="oc-1e0">
         <name>.common:address_offset</name>
         <uninitialized>true</uninitialized>
         <run_address>0x2ea</run_address>
         <size>0x2</size>
      </object_component>
      <object_component id="oc-2b5">
         <name>.common:slideshow_index</name>
         <uninitialized>true</uninitialized>
         <run_address>0x2f9</run_address>
         <size>0x1</size>
      </object_component>
      <object_component id="oc-39e">
         <name>.common:EPD_Counter</name>
         <uninitialized>true</uninitialized>
         <run_address>0x2e2</run_address>
         <size>0x2</size>
      </object_component>
      <object_component id="oc-4cb">
         <name>.common:stage_time</name>
         <uninitialized>true</uninitialized>
         <run_address>0x2f6</run_address>
         <size>0x2</size>
      </object_component>
      <object_component id="oc-4c6">
         <name>.common:COG_Line</name>
         <uninitialized>true</uninitialized>
         <run_address>0x200</run_address>
         <size>0x6f</size>
      </object_component>
      <object_component id="oc-482">
         <name>.common:_On_EPD_read_flash</name>
         <uninitialized>true</uninitialized>
         <run_address>0x2e4</run_address>
         <size>0x2</size>
      </object_component>
      <object_component id="oc-4ca">
         <name>.common:current_frame_time</name>
         <uninitialized>true</uninitialized>
         <run_address>0x2ec</run_address>
         <size>0x2</size>
      </object_component>
      <object_component id="oc-4c3">
         <name>.common:data_line_even</name>
         <uninitialized>true</uninitialized>
         <run_address>0x2ee</run_address>
         <size>0x2</size>
      </object_component>
      <object_component id="oc-4bb">
         <name>.common:data_line_odd</name>
         <uninitialized>true</uninitialized>
         <run_address>0x2f0</run_address>
         <size>0x2</size>
      </object_component>
      <object_component id="oc-4c7">
         <name>.common:data_line_scan</name>
         <uninitialized>true</uninitialized>
         <run_address>0x2f2</run_address>
         <size>0x2</size>
      </object_component>
      <object_component id="oc-4c2">
         <name>.common:temp_byte$2</name>
         <uninitialized>true</uninitialized>
         <run_address>0x2fd</run_address>
         <size>0x1</size>
      </object_component>
      <object_component id="oc-2d6">
         <name>.data</name>
         <load_address>0x300</load_address>
         <run_address>0x300</run_address>
         <size>0x1</size>
         <input_file_ref idref="fl-a"/>
      </object_component>
      <object_component id="oc-309">
         <name>.data</name>
         <load_address>0x301</load_address>
         <run_address>0x301</run_address>
         <size>0x1</size>
         <input_file_ref idref="fl-5"/>
      </object_component>
      <object_component id="oc-23">
         <name>.debug_info</name>
         <load_address>0x0</load_address>
         <run_address>0x0</run_address>
         <size>0x125</size>
         <input_file_ref idref="fl-29"/>
      </object_component>
      <object_component id="oc-2b">
         <name>.debug_info</name>
         <load_address>0x125</load_address>
         <run_address>0x125</run_address>
         <size>0x194</size>
         <input_file_ref idref="fl-2a"/>
      </object_component>
      <object_component id="oc-30">
         <name>.debug_info</name>
         <load_address>0x2b9</load_address>
         <run_address>0x2b9</run_address>
         <size>0x16a</size>
         <input_file_ref idref="fl-2c"/>
      </object_component>
      <object_component id="oc-35">
         <name>.debug_info</name>
         <load_address>0x423</load_address>
         <run_address>0x423</run_address>
         <size>0x18e</size>
         <input_file_ref idref="fl-2b"/>
      </object_component>
      <object_component id="oc-37">
         <name>.debug_info</name>
         <load_address>0x5b1</load_address>
         <run_address>0x5b1</run_address>
         <size>0xaa</size>
         <input_file_ref idref="fl-29"/>
      </object_component>
      <object_component id="oc-3a">
         <name>.debug_info</name>
         <load_address>0x65b</load_address>
         <run_address>0x65b</run_address>
         <size>0x1c5</size>
         <input_file_ref idref="fl-a"/>
      </object_component>
      <object_component id="oc-3f">
         <name>.debug_info</name>
         <load_address>0x820</load_address>
         <run_address>0x820</run_address>
         <size>0x196</size>
         <input_file_ref idref="fl-2"/>
      </object_component>
      <object_component id="oc-44">
         <name>.debug_info</name>
         <load_address>0x9b6</load_address>
         <run_address>0x9b6</run_address>
         <size>0x19d</size>
         <input_file_ref idref="fl-2"/>
      </object_component>
      <object_component id="oc-49">
         <name>.debug_info</name>
         <load_address>0xb53</load_address>
         <run_address>0xb53</run_address>
         <size>0x1c0</size>
         <input_file_ref idref="fl-a"/>
      </object_component>
      <object_component id="oc-50">
         <name>.debug_info</name>
         <load_address>0xd13</load_address>
         <run_address>0xd13</run_address>
         <size>0xfd</size>
         <input_file_ref idref="fl-3b"/>
      </object_component>
      <object_component id="oc-53">
         <name>.debug_info</name>
         <load_address>0xe10</load_address>
         <run_address>0xe10</run_address>
         <size>0x14d</size>
         <input_file_ref idref="fl-3e"/>
      </object_component>
      <object_component id="oc-58">
         <name>.debug_info</name>
         <load_address>0xf5d</load_address>
         <run_address>0xf5d</run_address>
         <size>0x1a9</size>
         <input_file_ref idref="fl-d"/>
      </object_component>
      <object_component id="oc-60">
         <name>.debug_info</name>
         <load_address>0x1106</load_address>
         <run_address>0x1106</run_address>
         <size>0xcc</size>
         <input_file_ref idref="fl-32"/>
      </object_component>
      <object_component id="oc-63">
         <name>.debug_info</name>
         <load_address>0x11d2</load_address>
         <run_address>0x11d2</run_address>
         <size>0x157</size>
         <input_file_ref idref="fl-38"/>
      </object_component>
      <object_component id="oc-68">
         <name>.debug_info</name>
         <load_address>0x1329</load_address>
         <run_address>0x1329</run_address>
         <size>0x46</size>
         <input_file_ref idref="fl-2a"/>
      </object_component>
      <object_component id="oc-6d">
         <name>.debug_info</name>
         <load_address>0x136f</load_address>
         <run_address>0x136f</run_address>
         <size>0x164</size>
         <input_file_ref idref="fl-2a"/>
      </object_component>
      <object_component id="oc-6f">
         <name>.debug_info</name>
         <load_address>0x14d3</load_address>
         <run_address>0x14d3</run_address>
         <size>0x46</size>
         <input_file_ref idref="fl-2c"/>
      </object_component>
      <object_component id="oc-74">
         <name>.debug_info</name>
         <load_address>0x1519</load_address>
         <run_address>0x1519</run_address>
         <size>0x11f</size>
         <input_file_ref idref="fl-2c"/>
      </object_component>
      <object_component id="oc-79">
         <name>.debug_info</name>
         <load_address>0x1638</load_address>
         <run_address>0x1638</run_address>
         <size>0x1e9</size>
         <input_file_ref idref="fl-2b"/>
      </object_component>
      <object_component id="oc-7b">
         <name>.debug_info</name>
         <load_address>0x1821</load_address>
         <run_address>0x1821</run_address>
         <size>0x129</size>
         <input_file_ref idref="fl-2b"/>
      </object_component>
      <object_component id="oc-7c">
         <name>.debug_info</name>
         <load_address>0x194a</load_address>
         <run_address>0x194a</run_address>
         <size>0x39</size>
         <input_file_ref idref="fl-2b"/>
      </object_component>
      <object_component id="oc-83">
         <name>.debug_info</name>
         <load_address>0x1983</load_address>
         <run_address>0x1983</run_address>
         <size>0x84</size>
         <input_file_ref idref="fl-2"/>
      </object_component>
      <object_component id="oc-8a">
         <name>.debug_info</name>
         <load_address>0x1a07</load_address>
         <run_address>0x1a07</run_address>
         <size>0x447</size>
         <input_file_ref idref="fl-2"/>
      </object_component>
      <object_component id="oc-97">
         <name>.debug_info</name>
         <load_address>0x1e4e</load_address>
         <run_address>0x1e4e</run_address>
         <size>0x708</size>
         <input_file_ref idref="fl-a"/>
      </object_component>
      <object_component id="oc-9d">
         <name>.debug_info</name>
         <load_address>0x2556</load_address>
         <run_address>0x2556</run_address>
         <size>0xe1</size>
         <input_file_ref idref="fl-31"/>
      </object_component>
      <object_component id="oc-9f">
         <name>.debug_info</name>
         <load_address>0x2637</load_address>
         <run_address>0x2637</run_address>
         <size>0x2ba</size>
         <input_file_ref idref="fl-3e"/>
      </object_component>
      <object_component id="oc-a1">
         <name>.debug_info</name>
         <load_address>0x28f1</load_address>
         <run_address>0x28f1</run_address>
         <size>0x159</size>
         <input_file_ref idref="fl-d"/>
      </object_component>
      <object_component id="oc-a6">
         <name>.debug_info</name>
         <load_address>0x2a4a</load_address>
         <run_address>0x2a4a</run_address>
         <size>0x249</size>
         <input_file_ref idref="fl-c"/>
      </object_component>
      <object_component id="oc-ab">
         <name>.debug_info</name>
         <load_address>0x2c93</load_address>
         <run_address>0x2c93</run_address>
         <size>0x191</size>
         <input_file_ref idref="fl-3"/>
      </object_component>
      <object_component id="oc-b0">
         <name>.debug_info</name>
         <load_address>0x2e24</load_address>
         <run_address>0x2e24</run_address>
         <size>0x26a</size>
         <input_file_ref idref="fl-6"/>
      </object_component>
      <object_component id="oc-b5">
         <name>.debug_info</name>
         <load_address>0x308e</load_address>
         <run_address>0x308e</run_address>
         <size>0x23d</size>
         <input_file_ref idref="fl-6"/>
      </object_component>
      <object_component id="oc-bc">
         <name>.debug_info</name>
         <load_address>0x32cb</load_address>
         <run_address>0x32cb</run_address>
         <size>0x127</size>
         <input_file_ref idref="fl-38"/>
      </object_component>
      <object_component id="oc-bd">
         <name>.debug_info</name>
         <load_address>0x33f2</load_address>
         <run_address>0x33f2</run_address>
         <size>0x2c</size>
         <input_file_ref idref="fl-2"/>
      </object_component>
      <object_component id="oc-c2">
         <name>.debug_info</name>
         <load_address>0x341e</load_address>
         <run_address>0x341e</run_address>
         <size>0x2c</size>
         <input_file_ref idref="fl-2a"/>
      </object_component>
      <object_component id="oc-d0">
         <name>.debug_info</name>
         <load_address>0x344a</load_address>
         <run_address>0x344a</run_address>
         <size>0xd5</size>
         <input_file_ref idref="fl-2"/>
      </object_component>
      <object_component id="oc-d5">
         <name>.debug_info</name>
         <load_address>0x351f</load_address>
         <run_address>0x351f</run_address>
         <size>0x18b</size>
         <input_file_ref idref="fl-2"/>
      </object_component>
      <object_component id="oc-da">
         <name>.debug_info</name>
         <load_address>0x36aa</load_address>
         <run_address>0x36aa</run_address>
         <size>0x93</size>
         <input_file_ref idref="fl-2"/>
      </object_component>
      <object_component id="oc-e4">
         <name>.debug_info</name>
         <load_address>0x373d</load_address>
         <run_address>0x373d</run_address>
         <size>0x39</size>
         <input_file_ref idref="fl-3e"/>
      </object_component>
      <object_component id="oc-ea">
         <name>.debug_info</name>
         <load_address>0x3776</load_address>
         <run_address>0x3776</run_address>
         <size>0x18f</size>
         <input_file_ref idref="fl-d"/>
      </object_component>
      <object_component id="oc-f0">
         <name>.debug_info</name>
         <load_address>0x3905</load_address>
         <run_address>0x3905</run_address>
         <size>0x2a7</size>
         <input_file_ref idref="fl-a"/>
      </object_component>
      <object_component id="oc-f5">
         <name>.debug_info</name>
         <load_address>0x3bac</load_address>
         <run_address>0x3bac</run_address>
         <size>0x1bd</size>
         <input_file_ref idref="fl-9"/>
      </object_component>
      <object_component id="oc-fa">
         <name>.debug_info</name>
         <load_address>0x3d69</load_address>
         <run_address>0x3d69</run_address>
         <size>0x1bf</size>
         <input_file_ref idref="fl-9"/>
      </object_component>
      <object_component id="oc-ff">
         <name>.debug_info</name>
         <load_address>0x3f28</load_address>
         <run_address>0x3f28</run_address>
         <size>0x1bf</size>
         <input_file_ref idref="fl-9"/>
      </object_component>
      <object_component id="oc-104">
         <name>.debug_info</name>
         <load_address>0x40e7</load_address>
         <run_address>0x40e7</run_address>
         <size>0x1cb</size>
         <input_file_ref idref="fl-9"/>
      </object_component>
      <object_component id="oc-109">
         <name>.debug_info</name>
         <load_address>0x42b2</load_address>
         <run_address>0x42b2</run_address>
         <size>0x1c5</size>
         <input_file_ref idref="fl-9"/>
      </object_component>
      <object_component id="oc-10f">
         <name>.debug_info</name>
         <load_address>0x4477</load_address>
         <run_address>0x4477</run_address>
         <size>0x181</size>
         <input_file_ref idref="fl-3"/>
      </object_component>
      <object_component id="oc-115">
         <name>.debug_info</name>
         <load_address>0x45f8</load_address>
         <run_address>0x45f8</run_address>
         <size>0x829</size>
         <input_file_ref idref="fl-6"/>
      </object_component>
      <object_component id="oc-11a">
         <name>.debug_info</name>
         <load_address>0x4e21</load_address>
         <run_address>0x4e21</run_address>
         <size>0x21d</size>
         <input_file_ref idref="fl-4"/>
      </object_component>
      <object_component id="oc-11f">
         <name>.debug_info</name>
         <load_address>0x503e</load_address>
         <run_address>0x503e</run_address>
         <size>0x1d9</size>
         <input_file_ref idref="fl-a"/>
      </object_component>
      <object_component id="oc-124">
         <name>.debug_info</name>
         <load_address>0x5217</load_address>
         <run_address>0x5217</run_address>
         <size>0x1ca</size>
         <input_file_ref idref="fl-6"/>
      </object_component>
      <object_component id="oc-129">
         <name>.debug_info</name>
         <load_address>0x53e1</load_address>
         <run_address>0x53e1</run_address>
         <size>0xaf5</size>
         <input_file_ref idref="fl-6"/>
      </object_component>
      <object_component id="oc-130">
         <name>.debug_info</name>
         <load_address>0x5ed6</load_address>
         <run_address>0x5ed6</run_address>
         <size>0x240</size>
         <input_file_ref idref="fl-5"/>
      </object_component>
      <object_component id="oc-137">
         <name>.debug_info</name>
         <load_address>0x6116</load_address>
         <run_address>0x6116</run_address>
         <size>0x189</size>
         <input_file_ref idref="fl-3"/>
      </object_component>
      <object_component id="oc-13c">
         <name>.debug_info</name>
         <load_address>0x629f</load_address>
         <run_address>0x629f</run_address>
         <size>0x200</size>
         <input_file_ref idref="fl-6"/>
      </object_component>
      <object_component id="oc-141">
         <name>.debug_info</name>
         <load_address>0x649f</load_address>
         <run_address>0x649f</run_address>
         <size>0x1e8</size>
         <input_file_ref idref="fl-a"/>
      </object_component>
      <object_component id="oc-146">
         <name>.debug_info</name>
         <load_address>0x6687</load_address>
         <run_address>0x6687</run_address>
         <size>0x17f</size>
         <input_file_ref idref="fl-3"/>
      </object_component>
      <object_component id="oc-14c">
         <name>.debug_info</name>
         <load_address>0x6806</load_address>
         <run_address>0x6806</run_address>
         <size>0x1fa</size>
         <input_file_ref idref="fl-4"/>
      </object_component>
      <object_component id="oc-156">
         <name>.debug_info</name>
         <load_address>0x6a00</load_address>
         <run_address>0x6a00</run_address>
         <size>0xd4</size>
         <input_file_ref idref="fl-39"/>
      </object_component>
      <object_component id="oc-158">
         <name>.debug_info</name>
         <load_address>0x6ad4</load_address>
         <run_address>0x6ad4</run_address>
         <size>0x1dd</size>
         <input_file_ref idref="fl-a"/>
      </object_component>
      <object_component id="oc-161">
         <name>.debug_info</name>
         <load_address>0x6cb1</load_address>
         <run_address>0x6cb1</run_address>
         <size>0x1fc</size>
         <input_file_ref idref="fl-9"/>
      </object_component>
      <object_component id="oc-166">
         <name>.debug_info</name>
         <load_address>0x6ead</load_address>
         <run_address>0x6ead</run_address>
         <size>0x1c9</size>
         <input_file_ref idref="fl-9"/>
      </object_component>
      <object_component id="oc-16b">
         <name>.debug_info</name>
         <load_address>0x7076</load_address>
         <run_address>0x7076</run_address>
         <size>0x1c7</size>
         <input_file_ref idref="fl-a"/>
      </object_component>
      <object_component id="oc-170">
         <name>.debug_info</name>
         <load_address>0x723d</load_address>
         <run_address>0x723d</run_address>
         <size>0x1de</size>
         <input_file_ref idref="fl-a"/>
      </object_component>
      <object_component id="oc-17e">
         <name>.debug_info</name>
         <load_address>0x741b</load_address>
         <run_address>0x741b</run_address>
         <size>0x135</size>
         <input_file_ref idref="fl-c"/>
      </object_component>
      <object_component id="oc-185">
         <name>.debug_info</name>
         <load_address>0x7550</load_address>
         <run_address>0x7550</run_address>
         <size>0xe8</size>
         <input_file_ref idref="fl-2d"/>
      </object_component>
      <object_component id="oc-193">
         <name>.debug_info</name>
         <load_address>0x7638</load_address>
         <run_address>0x7638</run_address>
         <size>0x1ee</size>
         <input_file_ref idref="fl-5"/>
      </object_component>
      <object_component id="oc-19f">
         <name>.debug_info</name>
         <load_address>0x7826</load_address>
         <run_address>0x7826</run_address>
         <size>0x1fe</size>
         <input_file_ref idref="fl-4"/>
      </object_component>
      <object_component id="oc-1ae">
         <name>.debug_info</name>
         <load_address>0x7a24</load_address>
         <run_address>0x7a24</run_address>
         <size>0x4da</size>
         <input_file_ref idref="fl-5"/>
      </object_component>
      <object_component id="oc-1b4">
         <name>.debug_info</name>
         <load_address>0x7efe</load_address>
         <run_address>0x7efe</run_address>
         <size>0x244</size>
         <input_file_ref idref="fl-b"/>
      </object_component>
      <object_component id="oc-1bb">
         <name>.debug_info</name>
         <load_address>0x8142</load_address>
         <run_address>0x8142</run_address>
         <size>0x2ca</size>
         <input_file_ref idref="fl-5"/>
      </object_component>
      <object_component id="oc-1c8">
         <name>.debug_info</name>
         <load_address>0x840c</load_address>
         <run_address>0x840c</run_address>
         <size>0x2c4</size>
         <input_file_ref idref="fl-5"/>
      </object_component>
      <object_component id="oc-1d4">
         <name>.debug_info</name>
         <load_address>0x86d0</load_address>
         <run_address>0x86d0</run_address>
         <size>0x27a</size>
         <input_file_ref idref="fl-5"/>
      </object_component>
      <object_component id="oc-1e4">
         <name>.debug_info</name>
         <load_address>0x894a</load_address>
         <run_address>0x894a</run_address>
         <size>0x1de</size>
         <input_file_ref idref="fl-5"/>
      </object_component>
      <object_component id="oc-1e9">
         <name>.debug_info</name>
         <load_address>0x8b28</load_address>
         <run_address>0x8b28</run_address>
         <size>0x1c8</size>
         <input_file_ref idref="fl-5"/>
      </object_component>
      <object_component id="oc-1f0">
         <name>.debug_info</name>
         <load_address>0x8cf0</load_address>
         <run_address>0x8cf0</run_address>
         <size>0x219</size>
         <input_file_ref idref="fl-6"/>
      </object_component>
      <object_component id="oc-1f6">
         <name>.debug_info</name>
         <load_address>0x8f09</load_address>
         <run_address>0x8f09</run_address>
         <size>0x3a3</size>
         <input_file_ref idref="fl-b"/>
      </object_component>
      <object_component id="oc-1fe">
         <name>.debug_info</name>
         <load_address>0x92ac</load_address>
         <run_address>0x92ac</run_address>
         <size>0x24c</size>
         <input_file_ref idref="fl-5"/>
      </object_component>
      <object_component id="oc-203">
         <name>.debug_info</name>
         <load_address>0x94f8</load_address>
         <run_address>0x94f8</run_address>
         <size>0x1cb</size>
         <input_file_ref idref="fl-a"/>
      </object_component>
      <object_component id="oc-208">
         <name>.debug_info</name>
         <load_address>0x96c3</load_address>
         <run_address>0x96c3</run_address>
         <size>0x200</size>
         <input_file_ref idref="fl-a"/>
      </object_component>
      <object_component id="oc-212">
         <name>.debug_info</name>
         <load_address>0x98c3</load_address>
         <run_address>0x98c3</run_address>
         <size>0x204</size>
         <input_file_ref idref="fl-a"/>
      </object_component>
      <object_component id="oc-21c">
         <name>.debug_info</name>
         <load_address>0x9ac7</load_address>
         <run_address>0x9ac7</run_address>
         <size>0x30c</size>
         <input_file_ref idref="fl-b"/>
      </object_component>
      <object_component id="oc-243">
         <name>.debug_info</name>
         <load_address>0x9dd3</load_address>
         <run_address>0x9dd3</run_address>
         <size>0x43a</size>
         <input_file_ref idref="fl-5"/>
      </object_component>
      <object_component id="oc-254">
         <name>.debug_info</name>
         <load_address>0xa20d</load_address>
         <run_address>0xa20d</run_address>
         <size>0x1f5</size>
         <input_file_ref idref="fl-4"/>
      </object_component>
      <object_component id="oc-25a">
         <name>.debug_info</name>
         <load_address>0xa402</load_address>
         <run_address>0xa402</run_address>
         <size>0x26a</size>
         <input_file_ref idref="fl-a"/>
      </object_component>
      <object_component id="oc-25f">
         <name>.debug_info</name>
         <load_address>0xa66c</load_address>
         <run_address>0xa66c</run_address>
         <size>0x72</size>
         <input_file_ref idref="fl-2"/>
      </object_component>
      <object_component id="oc-265">
         <name>.debug_info</name>
         <load_address>0xa6de</load_address>
         <run_address>0xa6de</run_address>
         <size>0x45e</size>
         <input_file_ref idref="fl-4"/>
      </object_component>
      <object_component id="oc-269">
         <name>.debug_info</name>
         <load_address>0xab3c</load_address>
         <run_address>0xab3c</run_address>
         <size>0x198</size>
         <input_file_ref idref="fl-4"/>
      </object_component>
      <object_component id="oc-26e">
         <name>.debug_info</name>
         <load_address>0xacd4</load_address>
         <run_address>0xacd4</run_address>
         <size>0x1fa</size>
         <input_file_ref idref="fl-4"/>
      </object_component>
      <object_component id="oc-273">
         <name>.debug_info</name>
         <load_address>0xaece</load_address>
         <run_address>0xaece</run_address>
         <size>0x1f3</size>
         <input_file_ref idref="fl-2"/>
      </object_component>
      <object_component id="oc-27b">
         <name>.debug_info</name>
         <load_address>0xb0c1</load_address>
         <run_address>0xb0c1</run_address>
         <size>0x2c5</size>
         <input_file_ref idref="fl-5"/>
      </object_component>
      <object_component id="oc-284">
         <name>.debug_info</name>
         <load_address>0xb386</load_address>
         <run_address>0xb386</run_address>
         <size>0x16f</size>
         <input_file_ref idref="fl-6"/>
      </object_component>
      <object_component id="oc-289">
         <name>.debug_info</name>
         <load_address>0xb4f5</load_address>
         <run_address>0xb4f5</run_address>
         <size>0x28a</size>
         <input_file_ref idref="fl-2"/>
      </object_component>
      <object_component id="oc-28e">
         <name>.debug_info</name>
         <load_address>0xb77f</load_address>
         <run_address>0xb77f</run_address>
         <size>0x55</size>
         <input_file_ref idref="fl-2"/>
      </object_component>
      <object_component id="oc-294">
         <name>.debug_info</name>
         <load_address>0xb7d4</load_address>
         <run_address>0xb7d4</run_address>
         <size>0x2cb</size>
         <input_file_ref idref="fl-5"/>
      </object_component>
      <object_component id="oc-299">
         <name>.debug_info</name>
         <load_address>0xba9f</load_address>
         <run_address>0xba9f</run_address>
         <size>0x478</size>
         <input_file_ref idref="fl-5"/>
      </object_component>
      <object_component id="oc-2b8">
         <name>.debug_info</name>
         <load_address>0xbf17</load_address>
         <run_address>0xbf17</run_address>
         <size>0x1d6</size>
         <input_file_ref idref="fl-a"/>
      </object_component>
      <object_component id="oc-2c0">
         <name>.debug_info</name>
         <load_address>0xc0ed</load_address>
         <run_address>0xc0ed</run_address>
         <size>0x1a4</size>
         <input_file_ref idref="fl-4"/>
      </object_component>
      <object_component id="oc-2c6">
         <name>.debug_info</name>
         <load_address>0xc291</load_address>
         <run_address>0xc291</run_address>
         <size>0x1bf</size>
         <input_file_ref idref="fl-4"/>
      </object_component>
      <object_component id="oc-2d0">
         <name>.debug_info</name>
         <load_address>0xc450</load_address>
         <run_address>0xc450</run_address>
         <size>0x1cb</size>
         <input_file_ref idref="fl-9"/>
      </object_component>
      <object_component id="oc-2d7">
         <name>.debug_info</name>
         <load_address>0xc61b</load_address>
         <run_address>0xc61b</run_address>
         <size>0x134</size>
         <input_file_ref idref="fl-a"/>
      </object_component>
      <object_component id="oc-2dc">
         <name>.debug_info</name>
         <load_address>0xc74f</load_address>
         <run_address>0xc74f</run_address>
         <size>0x857</size>
         <input_file_ref idref="fl-c"/>
      </object_component>
      <object_component id="oc-2df">
         <name>.debug_info</name>
         <load_address>0xcfa6</load_address>
         <run_address>0xcfa6</run_address>
         <size>0xd4</size>
         <input_file_ref idref="fl-2e"/>
      </object_component>
      <object_component id="oc-2e3">
         <name>.debug_info</name>
         <load_address>0xd07a</load_address>
         <run_address>0xd07a</run_address>
         <size>0x2df</size>
         <input_file_ref idref="fl-5"/>
      </object_component>
      <object_component id="oc-2e9">
         <name>.debug_info</name>
         <load_address>0xd359</load_address>
         <run_address>0xd359</run_address>
         <size>0x223</size>
         <input_file_ref idref="fl-4"/>
      </object_component>
      <object_component id="oc-2f0">
         <name>.debug_info</name>
         <load_address>0xd57c</load_address>
         <run_address>0xd57c</run_address>
         <size>0xd4</size>
         <input_file_ref idref="fl-3a"/>
      </object_component>
      <object_component id="oc-2f5">
         <name>.debug_info</name>
         <load_address>0xd650</load_address>
         <run_address>0xd650</run_address>
         <size>0xd9</size>
         <input_file_ref idref="fl-36"/>
      </object_component>
      <object_component id="oc-2f7">
         <name>.debug_info</name>
         <load_address>0xd729</load_address>
         <run_address>0xd729</run_address>
         <size>0x230</size>
         <input_file_ref idref="fl-5"/>
      </object_component>
      <object_component id="oc-2fd">
         <name>.debug_info</name>
         <load_address>0xd959</load_address>
         <run_address>0xd959</run_address>
         <size>0x2ee</size>
         <input_file_ref idref="fl-c"/>
      </object_component>
      <object_component id="oc-302">
         <name>.debug_info</name>
         <load_address>0xdc47</load_address>
         <run_address>0xdc47</run_address>
         <size>0x418</size>
         <input_file_ref idref="fl-c"/>
      </object_component>
      <object_component id="oc-30a">
         <name>.debug_info</name>
         <load_address>0xe05f</load_address>
         <run_address>0xe05f</run_address>
         <size>0x12c</size>
         <input_file_ref idref="fl-5"/>
      </object_component>
      <object_component id="oc-30e">
         <name>.debug_info</name>
         <load_address>0xe18b</load_address>
         <run_address>0xe18b</run_address>
         <size>0x189</size>
         <input_file_ref idref="fl-5"/>
      </object_component>
      <object_component id="oc-313">
         <name>.debug_info</name>
         <load_address>0xe314</load_address>
         <run_address>0xe314</run_address>
         <size>0x1a7</size>
         <input_file_ref idref="fl-5"/>
      </object_component>
      <object_component id="oc-318">
         <name>.debug_info</name>
         <load_address>0xe4bb</load_address>
         <run_address>0xe4bb</run_address>
         <size>0x1a2</size>
         <input_file_ref idref="fl-5"/>
      </object_component>
      <object_component id="oc-31d">
         <name>.debug_info</name>
         <load_address>0xe65d</load_address>
         <run_address>0xe65d</run_address>
         <size>0x1a3</size>
         <input_file_ref idref="fl-5"/>
      </object_component>
      <object_component id="oc-322">
         <name>.debug_info</name>
         <load_address>0xe800</load_address>
         <run_address>0xe800</run_address>
[...]
         <name>__TI_int05</name>
         <value>0xffea</value>
         <object_component_ref idref="oc-1e"/>
      </symbol>
      <symbol id="sm-3ee">
         <name>start_EPD_timer</name>
         <value>0xe1cc</value>
         <object_component_ref idref="oc-140"/>
      </symbol>
      <symbol id="sm-3ef">
         <name>epd_spi_send_byte</name>
         <value>0xdea8</value>
         <object_component_ref idref="oc-3e2"/>
      </symbol>
      <symbol id="sm-3f0">
         <name>EPD_display_hardware_init</name>
         <value>0xe11a</value>
         <object_component_ref idref="oc-ef"/>
      </symbol>
      <symbol id="sm-3f1">
         <name>epd_spi_init</name>
         <value>0xdc52</value>
         <object_component_ref idref="oc-16a"/>
      </symbol>
      <symbol id="sm-3f2">
         <name>epd_spi_read</name>
         <value>0xe3a0</value>
         <object_component_ref idref="oc-448"/>
      </symbol>
      <symbol id="sm-3f3">
         <name>epd_spi_write</name>
         <value>0xe422</value>
         <object_component_ref idref="oc-3f7"/>
      </symbol>
      <symbol id="sm-3f4">
         <name>delay_ms</name>
         <value>0xe2de</value>
         <object_component_ref idref="oc-11e"/>
      </symbol>
      <symbol id="sm-3f5">
         <name>epd_spi_detach</name>
         <value>0xe20a</value>
         <object_component_ref idref="oc-207"/>
      </symbol>
      <symbol id="sm-3f6">
         <name>set_current_time_tick</name>
         <value>0xe50e</value>
         <object_component_ref idref="oc-211"/>
      </symbol>
      <symbol id="sm-3f7">
         <name>Timer_A0</name>
         <value>0xe358</value>
         <object_component_ref idref="oc-48"/>
      </symbol>
      <symbol id="sm-40b">
         <name>EPD_display_from_flash</name>
         <value>0xdb26</value>
         <object_component_ref idref="oc-1f5"/>
      </symbol>
      <symbol id="sm-40c">
         <name>EPD_display_from_flash_Ex</name>
         <value>0xe0ca</value>
         <object_component_ref idref="oc-21b"/>
      </symbol>
      <symbol id="sm-40d">
         <name>EPD_power_init</name>
         <value>0xe2c8</value>
         <object_component_ref idref="oc-1b3"/>
      </symbol>
      <symbol id="sm-4c5">
         <name>COG_driver_EPDtype_select</name>
         <value>0xdbbe</value>
         <object_component_ref idref="oc-3ce"/>
      </symbol>
      <symbol id="sm-4c6">
         <name>EPD_power_on</name>
         <value>0xd994</value>
         <object_component_ref idref="oc-2fc"/>
      </symbol>
      <symbol id="sm-4c7">
         <name>EPD_init</name>
         <value>0xe264</value>
         <object_component_ref idref="oc-a5"/>
      </symbol>
      <symbol id="sm-4c8">
         <name>temperature_table</name>
         <value>0xe856</value>
         <object_component_ref idref="oc-470"/>
      </symbol>
      <symbol id="sm-4c9">
         <name>EPD_power_off</name>
         <value>0xcc4c</value>
         <object_component_ref idref="oc-332"/>
      </symbol>
      <symbol id="sm-4ca">
         <name>EPD_initialize_driver</name>
         <value>0xcfa4</value>
         <object_component_ref idref="oc-301"/>
      </symbol>
      <symbol id="sm-4cb">
         <name>SCAN_TABLE</name>
         <value>0xe88c</value>
         <object_component_ref idref="oc-409"/>
      </symbol>
      <symbol id="sm-4cc">
         <name>EPD_display_from_flash_prt</name>
         <value>0xda8c</value>
         <object_component_ref idref="oc-32d"/>
      </symbol>
      <symbol id="sm-4cd">
         <name>COG_parameters</name>
         <value>0xe81a</value>
         <object_component_ref idref="oc-17d"/>
      </symbol>
      <symbol id="sm-4ec">
         <name>set_MCU_frequency</name>
         <value>0xd53a</value>
         <object_component_ref idref="oc-e9"/>
      </symbol>
      <symbol id="sm-4ed">
         <name>system_init</name>
         <value>0xdce2</value>
         <object_component_ref idref="oc-a0"/>
      </symbol>
      <symbol id="sm-4ee">
         <name>main</name>
         <value>0xe2b0</value>
         <object_component_ref idref="oc-57"/>
      </symbol>
      <symbol id="sm-4f6">
         <name>__mspabi_sral_15</name>
         <value>0xddf0</value>
         <object_component_ref idref="oc-44e"/>
      </symbol>
      <symbol id="sm-4f7">
         <name>__mspabi_sral_14</name>
         <value>0xddf4</value>
         <object_component_ref idref="oc-44e"/>
      </symbol>
      <symbol id="sm-4f8">
         <name>__mspabi_sral_13</name>
         <value>0xddf8</value>
         <object_component_ref idref="oc-44e"/>
      </symbol>
      <symbol id="sm-4f9">
         <name>__mspabi_sral_12</name>
         <value>0xddfc</value>
         <object_component_ref idref="oc-44e"/>
      </symbol>
      <symbol id="sm-4fa">
         <name>__mspabi_sral_11</name>
         <value>0xde00</value>
         <object_component_ref idref="oc-44e"/>
      </symbol>
      <symbol id="sm-4fb">
         <name>__mspabi_sral_10</name>
         <value>0xde04</value>
         <object_component_ref idref="oc-44e"/>
      </symbol>
      <symbol id="sm-4fc">
         <name>__mspabi_sral_8</name>
         <value>0xde0c</value>
         <object_component_ref idref="oc-44e"/>
      </symbol>
      <symbol id="sm-4fd">
         <name>__mspabi_sral_9</name>
         <value>0xde08</value>
         <object_component_ref idref="oc-44e"/>
      </symbol>
      <symbol id="sm-4fe">
         <name>__mspabi_sral_6</name>
         <value>0xde14</value>
         <object_component_ref idref="oc-44e"/>
      </symbol>
      <symbol id="sm-4ff">
         <name>__mspabi_sral_7</name>
         <value>0xde10</value>
         <object_component_ref idref="oc-44e"/>
      </symbol>
      <symbol id="sm-500">
         <name>__mspabi_sral_4</name>
         <value>0xde1c</value>
         <object_component_ref idref="oc-44e"/>
      </symbol>
      <symbol id="sm-501">
         <name>__mspabi_sral_5</name>
         <value>0xde18</value>
         <object_component_ref idref="oc-44e"/>
      </symbol>
      <symbol id="sm-502">
         <name>__mspabi_sral_2</name>
         <value>0xde24</value>
         <object_component_ref idref="oc-44e"/>
      </symbol>
      <symbol id="sm-503">
         <name>__mspabi_sral_3</name>
         <value>0xde20</value>
         <object_component_ref idref="oc-44e"/>
      </symbol>
      <symbol id="sm-504">
         <name>__mspabi_sral_1</name>
         <value>0xde28</value>
         <object_component_ref idref="oc-44e"/>
      </symbol>
      <symbol id="sm-512">
         <name>_c_int00_noexit</name>
         <value>0xe27e</value>
         <object_component_ref idref="oc-22"/>
      </symbol>
      <symbol id="sm-513">
         <name>_c_int00</name>
         <value>0xe27e</value>
         <object_component_ref idref="oc-22"/>
      </symbol>
      <symbol id="sm-514">
         <name>_stack</name>
         <value>0x3b0</value>
         <object_component_ref idref="oc-36"/>
      </symbol>
      <symbol id="sm-515">
         <name>_reset_vector</name>
         <value>0xfffe</value>
         <object_component_ref idref="oc-38"/>
      </symbol>
      <symbol id="sm-52a">
         <name>__TI_decompress_none</name>
         <value>0xe36a</value>
         <object_component_ref idref="oc-27"/>
      </symbol>
      <symbol id="sm-54a">
         <name>__TI_decompress_rle24</name>
         <value>0xe4f6</value>
         <object_component_ref idref="oc-31"/>
      </symbol>
      <symbol id="sm-55c">
         <name>__TI_zero_init</name>
         <value>0xe31e</value>
         <object_component_ref idref="oc-2c"/>
      </symbol>
      <symbol id="sm-567">
         <name>__mspabi_remi</name>
         <value>0xe046</value>
         <object_component_ref idref="oc-182"/>
      </symbol>
      <symbol id="sm-568">
         <name>__mspabi_divi</name>
         <value>0xe046</value>
         <object_component_ref idref="oc-182"/>
      </symbol>
      <symbol id="sm-571">
         <name>__mspabi_remu</name>
         <value>0xe2f4</value>
         <object_component_ref idref="oc-2dd"/>
      </symbol>
      <symbol id="sm-572">
         <name>__mspabi_divu</name>
         <value>0xe2f4</value>
         <object_component_ref idref="oc-2dd"/>
      </symbol>
      <symbol id="sm-57d">
         <name>__mspabi_remli</name>
         <value>0xddb0</value>
         <object_component_ref idref="oc-363"/>
      </symbol>
      <symbol id="sm-57e">
         <name>__mspabi_divli</name>
         <value>0xddb0</value>
         <object_component_ref idref="oc-363"/>
      </symbol>
      <symbol id="sm-58b">
         <name>__mspabi_remul</name>
         <value>0xd8e6</value>
         <object_component_ref idref="oc-427"/>
      </symbol>
      <symbol id="sm-58c">
         <name>__mspabi_divul</name>
         <value>0xd8e6</value>
         <object_component_ref idref="oc-427"/>
      </symbol>
      <symbol id="sm-594">
         <name>__mspabi_func_epilog_2</name>
         <value>0xe3ca</value>
         <object_component_ref idref="oc-9a"/>
      </symbol>
      <symbol id="sm-595">
         <name>__mspabi_func_epilog_3</name>
         <value>0xe3c8</value>
         <object_component_ref idref="oc-9a"/>
      </symbol>
      <symbol id="sm-596">
         <name>__mspabi_func_epilog_1</name>
         <value>0xe3cc</value>
         <object_component_ref idref="oc-9a"/>
      </symbol>
      <symbol id="sm-597">
         <name>__mspabi_func_epilog_6</name>
         <value>0xe3c2</value>
         <object_component_ref idref="oc-9a"/>
      </symbol>
      <symbol id="sm-598">
         <name>__mspabi_func_epilog_7</name>
         <value>0xe3c0</value>
         <object_component_ref idref="oc-9a"/>
      </symbol>
      <symbol id="sm-599">
         <name>__mspabi_func_epilog_4</name>
         <value>0xe3c6</value>
         <object_component_ref idref="oc-9a"/>
      </symbol>
      <symbol id="sm-59a">
         <name>__mspabi_func_epilog_5</name>
         <value>0xe3c4</value>
         <object_component_ref idref="oc-9a"/>
      </symbol>
      <symbol id="sm-5a3">
         <name>C$$EXIT</name>
         <value>0xe51e</value>
         <object_component_ref idref="oc-5c"/>
      </symbol>
      <symbol id="sm-5a4">
         <name>abort</name>
         <value>0xe51e</value>
         <object_component_ref idref="oc-5c"/>
      </symbol>
      <symbol id="sm-5b2">
         <name>__mspabi_fltlif</name>
         <value>0xdc08</value>
         <object_component_ref idref="oc-367"/>
      </symbol>
      <symbol id="sm-5c3">
         <name>__mspabi_fixfi</name>
         <value>0xd63a</value>
         <object_component_ref idref="oc-36b"/>
      </symbol>
      <symbol id="sm-5ca">
         <name>__mspabi_slli</name>
         <value>0xe072</value>
         <object_component_ref idref="oc-352"/>
      </symbol>
      <symbol id="sm-5cb">
         <name>__mspabi_slli_9</name>
         <value>0xe08a</value>
         <object_component_ref idref="oc-352"/>
      </symbol>
      <symbol id="sm-5cc">
         <name>__mspabi_slli_8</name>
         <value>0xe08c</value>
         <object_component_ref idref="oc-352"/>
      </symbol>
      <symbol id="sm-5cd">
         <name>__mspabi_slli_7</name>
         <value>0xe08e</value>
         <object_component_ref idref="oc-352"/>
      </symbol>
      <symbol id="sm-5ce">
         <name>__mspabi_slli_6</name>
         <value>0xe090</value>
         <object_component_ref idref="oc-352"/>
      </symbol>
      <symbol id="sm-5cf">
         <name>__mspabi_slli_5</name>
         <value>0xe092</value>
         <object_component_ref idref="oc-352"/>
      </symbol>
      <symbol id="sm-5d0">
         <name>__mspabi_slli_4</name>
         <value>0xe094</value>
         <object_component_ref idref="oc-352"/>
      </symbol>
      <symbol id="sm-5d1">
         <name>__mspabi_slli_3</name>
         <value>0xe096</value>
         <object_component_ref idref="oc-352"/>
      </symbol>
      <symbol id="sm-5d2">
         <name>__mspabi_slli_2</name>
         <value>0xe098</value>
         <object_component_ref idref="oc-352"/>
      </symbol>
      <symbol id="sm-5d3">
         <name>__mspabi_slli_1</name>
         <value>0xe09a</value>
         <object_component_ref idref="oc-352"/>
      </symbol>
      <symbol id="sm-5d4">
         <name>__mspabi_slli_15</name>
         <value>0xe07e</value>
         <object_component_ref idref="oc-352"/>
      </symbol>
      <symbol id="sm-5d5">
         <name>__mspabi_slli_14</name>
         <value>0xe080</value>
         <object_component_ref idref="oc-352"/>
      </symbol>
      <symbol id="sm-5d6">
         <name>__mspabi_slli_13</name>
         <value>0xe082</value>
         <object_component_ref idref="oc-352"/>
      </symbol>
      <symbol id="sm-5d7">
         <name>__mspabi_slli_12</name>
         <value>0xe084</value>
         <object_component_ref idref="oc-352"/>
      </symbol>
      <symbol id="sm-5d8">
         <name>__mspabi_slli_11</name>
         <value>0xe086</value>
         <object_component_ref idref="oc-352"/>
      </symbol>
      <symbol id="sm-5d9">
         <name>__mspabi_slli_10</name>
         <value>0xe088</value>
         <object_component_ref idref="oc-352"/>
      </symbol>
      <symbol id="sm-5e0">
         <name>__mspabi_slll_9</name>
         <value>0xde46</value>
         <object_component_ref idref="oc-2f2"/>
      </symbol>
      <symbol id="sm-5e1">
         <name>__mspabi_slll_8</name>
         <value>0xde4a</value>
         <object_component_ref idref="oc-2f2"/>
      </symbol>
      <symbol id="sm-5e2">
         <name>__mspabi_slll_7</name>
         <value>0xde4e</value>
         <object_component_ref idref="oc-2f2"/>
      </symbol>
      <symbol id="sm-5e3">
         <name>__mspabi_slll_6</name>
         <value>0xde52</value>
         <object_component_ref idref="oc-2f2"/>
      </symbol>
      <symbol id="sm-5e4">
         <name>__mspabi_slll_5</name>
         <value>0xde56</value>
         <object_component_ref idref="oc-2f2"/>
      </symbol>
      <symbol id="sm-5e5">
         <name>__mspabi_slll_4</name>
         <value>0xde5a</value>
         <object_component_ref idref="oc-2f2"/>
      </symbol>
      <symbol id="sm-5e6">
         <name>__mspabi_slll_3</name>
         <value>0xde5e</value>
         <object_component_ref idref="oc-2f2"/>
      </symbol>
      <symbol id="sm-5e7">
         <name>__mspabi_slll_2</name>
         <value>0xde62</value>
         <object_component_ref idref="oc-2f2"/>
      </symbol>
      <symbol id="sm-5e8">
         <name>__mspabi_slll_1</name>
         <value>0xde66</value>
         <object_component_ref idref="oc-2f2"/>
      </symbol>
      <symbol id="sm-5e9">
         <name>__mspabi_slll_15</name>
         <value>0xde2e</value>
         <object_component_ref idref="oc-2f2"/>
      </symbol>
      <symbol id="sm-5ea">
         <name>__mspabi_slll_14</name>
         <value>0xde32</value>
         <object_component_ref idref="oc-2f2"/>
      </symbol>
      <symbol id="sm-5eb">
         <name>__mspabi_slll_13</name>
         <value>0xde36</value>
         <object_component_ref idref="oc-2f2"/>
      </symbol>
      <symbol id="sm-5ec">
         <name>__mspabi_slll_12</name>
         <value>0xde3a</value>
         <object_component_ref idref="oc-2f2"/>
      </symbol>
      <symbol id="sm-5ed">
         <name>__mspabi_slll_11</name>
         <value>0xde3e</value>
         <object_component_ref idref="oc-2f2"/>
      </symbol>
      <symbol id="sm-5ee">
         <name>__mspabi_slll_10</name>
         <value>0xde42</value>
         <object_component_ref idref="oc-2f2"/>
      </symbol>
      <symbol id="sm-5f5">
         <name>__mspabi_srli_8</name>
         <value>0xdb9c</value>
         <object_component_ref idref="oc-356"/>
      </symbol>
      <symbol id="sm-5f6">
         <name>__mspabi_srli_9</name>
         <value>0xdb98</value>
         <object_component_ref idref="oc-356"/>
      </symbol>
      <symbol id="sm-5f7">
         <name>__mspabi_srli_6</name>
         <value>0xdba4</value>
         <object_component_ref idref="oc-356"/>
      </symbol>
      <symbol id="sm-5f8">
         <name>__mspabi_srli_7</name>
         <value>0xdba0</value>
         <object_component_ref idref="oc-356"/>
      </symbol>
      <symbol id="sm-5f9">
         <name>__mspabi_srli_4</name>
         <value>0xdbac</value>
         <object_component_ref idref="oc-356"/>
      </symbol>
      <symbol id="sm-5fa">
         <name>__mspabi_srli_5</name>
         <value>0xdba8</value>
         <object_component_ref idref="oc-356"/>
      </symbol>
      <symbol id="sm-5fb">
         <name>__mspabi_srli_2</name>
         <value>0xdbb4</value>
         <object_component_ref idref="oc-356"/>
      </symbol>
      <symbol id="sm-5fc">
         <name>__mspabi_srli_3</name>
         <value>0xdbb0</value>
         <object_component_ref idref="oc-356"/>
      </symbol>
      <symbol id="sm-5fd">
         <name>__mspabi_srli_1</name>
         <value>0xdbb8</value>
         <object_component_ref idref="oc-356"/>
      </symbol>
      <symbol id="sm-5fe">
         <name>__mspabi_srli</name>
         <value>0xdb72</value>
         <object_component_ref idref="oc-356"/>
      </symbol>
      <symbol id="sm-5ff">
         <name>__mspabi_srli_15</name>
         <value>0xdb80</value>
         <object_component_ref idref="oc-356"/>
      </symbol>
      <symbol id="sm-600">
         <name>__mspabi_srli_14</name>
         <value>0xdb84</value>
         <object_component_ref idref="oc-356"/>
      </symbol>
      <symbol id="sm-601">
         <name>__mspabi_srli_13</name>
         <value>0xdb88</value>
         <object_component_ref idref="oc-356"/>
      </symbol>
      <symbol id="sm-602">
         <name>__mspabi_srli_12</name>
         <value>0xdb8c</value>
         <object_component_ref idref="oc-356"/>
      </symbol>
      <symbol id="sm-603">
         <name>__mspabi_srli_11</name>
         <value>0xdb90</value>
         <object_component_ref idref="oc-356"/>
      </symbol>
      <symbol id="sm-604">
         <name>__mspabi_srli_10</name>
         <value>0xdb94</value>
         <object_component_ref idref="oc-356"/>
      </symbol>
      <symbol id="sm-611">
         <name>memcpy</name>
         <value>0xe37c</value>
         <object_component_ref idref="oc-62"/>
      </symbol>
      <symbol id="sm-61a">
         <name>__mspabi_mpyi</name>
         <value>0xe332</value>
         <object_component_ref idref="oc-153"/>
      </symbol>
      <symbol id="sm-623">
         <name>__mspabi_mpyl</name>
         <value>0xe140</value>
         <object_component_ref idref="oc-2ee"/>
      </symbol>
      <symbol id="sm-62b">
         <name>_system_pre_init</name>
         <value>0xe51a</value>
         <object_component_ref idref="oc-4d"/>
      </symbol>
      <symbol id="sm-642">
         <name>_auto_init</name>
         <value>0xd82a</value>
         <object_component_ref idref="oc-52"/>
      </symbol>
      <symbol id="sm-643">
         <name>epd_epd_spi_attach</name>
         <value>0x0</value>
      </symbol>
      <symbol id="sm-644">
         <name>__TI_exit</name>
         <value>0x1</value>
      </symbol>
      <symbol id="sm-645">
         <name>__TI_args_main</name>
         <value>0x1</value>
      </symbol>
      <symbol id="sm-646">
         <name>__TI_INITARRAY_Base</name>
         <value>0x0</value>
      </symbol>
      <symbol id="sm-647">
         <name>__TI_INITARRAY_Limit</name>
         <value>0x0</value>
      </symbol>
      <symbol id="sm-64a">
         <name>sys_delay_ms</name>
         <value>0xe2de</value>
      </symbol>
      <symbol id="sm-64b">
         <name>epd_spi_attach</name>
         <value>0xdc52</value>
      </symbol>
      <symbol id="sm-64c">
         <name>EPD_display_init</name>
         <value>0xe264</value>
      </symbol>
   </symbol_table>
   <title>Link errors: red sections failed placement</title>
</link_info>
