<?xml version="1.0"?>
<link_info>
   <banner>MSP430 Linker PC v4.2.3</banner>
   <copyright>Copyright (c) 2003-2013 Texas Instruments Incorporated</copyright>
   <link_time>0x531d0900</link_time>
   <link_errors>0x0</link_errors>
   <output_file>EPD_Extension_Board.out</output_file>
   <entry_point>
      <name>_c_int00</name>
      <address>0xe3d8</address>
   </entry_point>
   <input_file_list>
      <input_file id="fl-2">
         <path>.\src\EPD_Kit_Tool\Drivers\</path>
         <kind>object</kind>
         <file>Uart_Driver.obj</file>
         <name>Uart_Driver.obj</name>
      </input_file>
      <input_file id="fl-3">
         <path>.\src\EPD_Kit_Tool\Drivers\</path>
         <kind>object</kind>
         <file>EPD_LED.obj</file>
         <name>EPD_LED.obj</name>
      </input_file>
      <input_file id="fl-4">
         <path>.\src\EPD_Kit_Tool\</path>
         <kind>object</kind>
         <file>Uart_Controller.obj</file>
         <name>Uart_Controller.obj</name>
      </input_file>
      <input_file id="fl-5">
         <path>.\src\EPD_Kit_Tool\</path>
         <kind>object</kind>
         <file>Mem_Flash.obj</file>
         <name>Mem_Flash.obj</name>
      </input_file>
      <input_file id="fl-6">
         <path>.\src\EPD_Kit_Tool\</path>
         <kind>object</kind>
         <file>EPD_Kit_Tool_Process.obj</file>
         <name>EPD_Kit_Tool_Process.obj</name>
      </input_file>
      <input_file id="fl-7">
         <path>.\src\EPD_Kit_Tool\</path>
         <kind>object</kind>
         <file>Char.obj</file>
         <name>Char.obj</name>
      </input_file>
      <input_file id="fl-8">
         <path>.\src\Pervasive_Displays_small_EPD\</path>
         <kind>object</kind>
         <file>EPD_hardware_gpio.obj</file>
         <name>EPD_hardware_gpio.obj</name>
      </input_file>
      <input_file id="fl-9">
         <path>.\src\Pervasive_Displays_small_EPD\</path>
         <kind>object</kind>
         <file>EPD_hardware_driver.obj</file>
         <name>EPD_hardware_driver.obj</name>
      </input_file>
      <input_file id="fl-a">
         <path>.\src\Pervasive_Displays_small_EPD\</path>
         <kind>object</kind>
         <file>EPD_controller.obj</file>
         <name>EPD_controller.obj</name>
      </input_file>
      <input_file id="fl-b">
         <path>.\src\Pervasive_Displays_small_EPD\</path>
         <kind>object</kind>
         <file>EPD_COG.obj</file>
         <name>EPD_COG.obj</name>
      </input_file>
      <input_file id="fl-c">
         <path>.\src\</path>
         <kind>object</kind>
         <file>main.obj</file>
         <name>main.obj</name>
      </input_file>
      <input_file id="fl-d">
         <path>.\src\</path>
         <kind>object</kind>
         <file>image_data.obj</file>
         <name>image_data.obj</name>
      </input_file>
      <input_file id="fl-3b">
         <path>C:\ti\ccsv5\tools\compiler\msp430_4.2.3\lib\</path>
         <kind>archive</kind>
         <file>rts430_eabi.lib</file>
         <name>asr32.obj</name>
      </input_file>
      <input_file id="fl-3c">
         <path>C:\ti\ccsv5\tools\compiler\msp430_4.2.3\lib\</path>
         <kind>archive</kind>
         <file>rts430_eabi.lib</file>
         <name>boot.obj</name>
      </input_file>
      <input_file id="fl-3d">
         <path>C:\ti\ccsv5\tools\compiler\msp430_4.2.3\lib\</path>
         <kind>archive</kind>
         <file>rts430_eabi.lib</file>
         <name>copy_decompress_none.obj</name>
      </input_file>
      <input_file id="fl-3e">
         <path>C:\ti\ccsv5\tools\compiler\msp430_4.2.3\lib\</path>
         <kind>archive</kind>
         <file>rts430_eabi.lib</file>
         <name>copy_decompress_rle.obj</name>
      </input_file>
      <input_file id="fl-3f">
         <path>C:\ti\ccsv5\tools\compiler\msp430_4.2.3\lib\</path>
         <kind>archive</kind>
         <file>rts430_eabi.lib</file>
         <name>copy_zero_init.obj</name>
      </input_file>
      <input_file id="fl-40">
         <path>C:\ti\ccsv5\tools\compiler\msp430_4.2.3\lib\</path>
         <kind>archive</kind>
         <file>rts430_eabi.lib</file>
         <name>div16s.obj</name>
      </input_file>
      <input_file id="fl-41">
         <path>C:\ti\ccsv5\tools\compiler\msp430_4.2.3\lib\</path>
         <kind>archive</kind>
         <file>rts430_eabi.lib</file>
         <name>div16u.obj</name>
      </input_file>
      <input_file id="fl-42">
         <path>C:\ti\ccsv5\tools\compiler\msp430_4.2.3\lib\</path>
         <kind>archive</kind>
         <file>rts430_eabi.lib</file>
         <name>div32s.obj</name>
      </input_file>
      <input_file id="fl-43">
         <path>C:\ti\ccsv5\tools\compiler\msp430_4.2.3\lib\</path>
         <kind>archive</kind>
         <file>rts430_eabi.lib</file>
         <name>div32u.obj</name>
      </input_file>
      <input_file id="fl-44">
         <path>C:\ti\ccsv5\tools\compiler\msp430_4.2.3\lib\</path>
         <kind>archive</kind>
         <file>rts430_eabi.lib</file>
         <name>epilog.obj</name>
      </input_file>
      <input_file id="fl-45">
         <path>C:\ti\ccsv5\tools\compiler\msp430_4.2.3\lib\</path>
         <kind>archive</kind>
         <file>rts430_eabi.lib</file>
         <name>exit.obj</name>
      </input_file>
      <input_file id="fl-46">
         <path>C:\ti\ccsv5\tools\compiler\msp430_4.2.3\lib\</path>
         <kind>archive</kind>
         <file>rts430_eabi.lib</file>
         <name>fs_ltof.obj</name>
      </input_file>
      <input_file id="fl-47">
         <path>C:\ti\ccsv5\tools\compiler\msp430_4.2.3\lib\</path>
         <kind>archive</kind>
         <file>rts430_eabi.lib</file>
         <name>fs_toi.obj</name>
      </input_file>
      <input_file id="fl-48">
         <path>C:\ti\ccsv5\tools\compiler\msp430_4.2.3\lib\</path>
         <kind>archive</kind>
         <file>rts430_eabi.lib</file>
         <name>lsl16.obj</name>
      </input_file>
      <input_file id="fl-49">
         <path>C:\ti\ccsv5\tools\compiler\msp430_4.2.3\lib\</path>
         <kind>archive</kind>
         <file>rts430_eabi.lib</file>
         <name>lsl32.obj</name>
      </input_file>
      <input_file id="fl-4a">
         <path>C:\ti\ccsv5\tools\compiler\msp430_4.2.3\lib\</path>
         <kind>archive</kind>
         <file>rts430_eabi.lib</file>
         <name>lsr16.obj</name>
      </input_file>
      <input_file id="fl-4b">
         <path>C:\ti\ccsv5\tools\compiler\msp430_4.2.3\lib\</path>
         <kind>archive</kind>
         <file>rts430_eabi.lib</file>
         <name>memcpy.obj</name>
      </input_file>
      <input_file id="fl-4c">
         <path>C:\ti\ccsv5\tools\compiler\msp430_4.2.3\lib\</path>
         <kind>archive</kind>
         <file>rts430_eabi.lib</file>
         <name>mult16.obj</name>
      </input_file>
      <input_file id="fl-4d">
         <path>C:\ti\ccsv5\tools\compiler\msp430_4.2.3\lib\</path>
         <kind>archive</kind>
         <file>rts430_eabi.lib</file>
         <name>mult32.obj</name>
      </input_file>
      <input_file id="fl-4e">
         <path>C:\ti\ccsv5\tools\compiler\msp430_4.2.3\lib\</path>
         <kind>archive</kind>
         <file>rts430_eabi.lib</file>
         <name>pre_init.obj</name>
      </input_file>
      <input_file id="fl-4f">
         <path>C:\ti\ccsv5\tools\compiler\msp430_4.2.3\lib\</path>
         <kind>archive</kind>
         <file>rts430_eabi.lib</file>
         <name>_lock.obj</name>
      </input_file>
      <input_file id="fl-50">
         <path>C:\ti\ccsv5\tools\compiler\msp430_4.2.3\lib\</path>
         <kind>archive</kind>
         <file>rts430_eabi.lib</file>
         <name>args_main.obj</name>
      </input_file>
      <input_file id="fl-51">
         <path>C:\ti\ccsv5\tools\compiler\msp430_4.2.3\lib\</path>
         <kind>archive</kind>
         <file>rts430_eabi.lib</file>
         <name>autoinit.obj</name>
      </input_file>
   </input_file_list>
   <object_component_list>
      <object_component id="oc-36">
         <name>.stack</name>
         <uninitialized>true</uninitialized>
         <run_address>0x3b0</run_address>
         <size>0x2</size>
         <input_file_ref idref="fl-3c"/>
      </object_component>
      <object_component id="oc-51a">
         <name>.stack</name>
         <uninitialized>true</uninitialized>
         <run_address>0x3b0</run_address>
         <size>0x0</size>
      </object_component>
      <object_component id="oc-10f">
         <name>.text:uart_command_handle</name>
         <load_address>0xc000</load_address>
         <run_address>0xc000</run_address>
         <size>0x4fe</size>
         <input_file_ref idref="fl-6"/>
      </object_component>
      <object_component id="oc-48b">
         <name>.text:stage_handle_Base</name>
         <load_address>0xc4fe</load_address>
         <run_address>0xc4fe</run_address>
         <size>0x35e</size>
         <input_file_ref idref="fl-b"/>
      </object_component>
      <object_component id="oc-1ac">
         <name>.text:get_flash_image_info</name>
         <load_address>0xc85c</load_address>
         <run_address>0xc85c</run_address>
         <size>0x2ae</size>
         <input_file_ref idref="fl-5"/>
      </object_component>
      <object_component id="oc-4b4">
         <name>.text:read_line_data_handle</name>
         <load_address>0xcb0a</load_address>
         <run_address>0xcb0a</run_address>
         <size>0x1c8</size>
         <input_file_ref idref="fl-b"/>
      </object_component>
      <object_component id="oc-246">
         <name>.text:write_ascii</name>
         <load_address>0xccd2</load_address>
         <run_address>0xccd2</run_address>
         <size>0x174</size>
         <input_file_ref idref="fl-5"/>
      </object_component>
      <object_component id="oc-33d">
         <name>.text:EPD_power_off</name>
         <load_address>0xce46</load_address>
         <run_address>0xce46</run_address>
         <size>0x15e</size>
         <input_file_ref idref="fl-b"/>
      </object_component>
      <object_component id="oc-306">
         <name>.text:EPD_initialize_driver</name>
         <load_address>0xcfa4</load_address>
         <run_address>0xcfa4</run_address>
         <size>0x156</size>
         <input_file_ref idref="fl-b"/>
      </object_component>
      <object_component id="oc-1d2">
         <name>.text:get_flash_mark_image_info</name>
         <load_address>0xd0fa</load_address>
         <run_address>0xd0fa</run_address>
         <size>0xa8</size>
         <input_file_ref idref="fl-5"/>
      </object_component>
      <object_component id="oc-1b9">
         <name>.text:get_slideshow_image_address</name>
         <load_address>0xd1a2</load_address>
         <run_address>0xd1a2</run_address>
         <size>0xa6</size>
         <input_file_ref idref="fl-5"/>
      </object_component>
      <object_component id="oc-387">
         <name>.text:system_packets_format_check</name>
         <load_address>0xd248</load_address>
         <run_address>0xd248</run_address>
         <size>0xa6</size>
         <input_file_ref idref="fl-4"/>
      </object_component>
      <object_component id="oc-1c6">
         <name>.text:get_custom_image_address</name>
         <load_address>0xd2ee</load_address>
         <run_address>0xd2ee</run_address>
         <size>0xa4</size>
         <input_file_ref idref="fl-5"/>
      </object_component>
      <object_component id="oc-136">
         <name>.text:slideshow_run</name>
         <load_address>0xd392</load_address>
         <run_address>0xd392</run_address>
         <size>0xa4</size>
         <input_file_ref idref="fl-6"/>
      </object_component>
      <object_component id="oc-25d">
         <name>.text:get_temperature</name>
         <load_address>0xd436</load_address>
         <run_address>0xd436</run_address>
         <size>0x90</size>
         <input_file_ref idref="fl-9"/>
      </object_component>
      <object_component id="oc-e9">
         <name>.text:set_MCU_frequency</name>
         <load_address>0xd4c6</load_address>
         <run_address>0xd4c6</run_address>
         <size>0x90</size>
         <input_file_ref idref="fl-c"/>
      </object_component>
      <object_component id="oc-412">
         <name>.text:border_dummy_line</name>
         <load_address>0xd556</load_address>
         <run_address>0xd556</run_address>
         <size>0x8e</size>
         <input_file_ref idref="fl-b"/>
      </object_component>
      <object_component id="oc-3d4">
         <name>.text:set_temperature_factor</name>
         <load_address>0xd5e4</load_address>
         <run_address>0xd5e4</run_address>
         <size>0x76</size>
         <input_file_ref idref="fl-b"/>
      </object_component>
      <object_component id="oc-4a8">
         <name>.text:stage_init</name>
         <load_address>0xd65a</load_address>
         <run_address>0xd65a</run_address>
         <size>0x74</size>
         <input_file_ref idref="fl-b"/>
      </object_component>
      <object_component id="oc-2e7">
         <name>.text:CMD_PP</name>
         <load_address>0xd6ce</load_address>
         <run_address>0xd6ce</run_address>
         <size>0x70</size>
         <input_file_ref idref="fl-5"/>
      </object_component>
      <object_component id="oc-297">
         <name>.text:flash_cmd_read</name>
         <load_address>0xd73e</load_address>
         <run_address>0xd73e</run_address>
         <size>0x68</size>
         <input_file_ref idref="fl-5"/>
      </object_component>
      <object_component id="oc-376">
         <name>.text</name>
         <load_address>0xd7a6</load_address>
         <run_address>0xd7a6</run_address>
         <size>0x68</size>
         <input_file_ref idref="fl-47"/>
      </object_component>
      <object_component id="oc-201">
         <name>.text:write_slideshow_parameters</name>
         <load_address>0xd80e</load_address>
         <run_address>0xd80e</run_address>
         <size>0x66</size>
         <input_file_ref idref="fl-5"/>
      </object_component>
      <object_component id="oc-27e">
         <name>.text:is_flash_existed</name>
         <load_address>0xd874</load_address>
         <run_address>0xd874</run_address>
         <size>0x64</size>
         <input_file_ref idref="fl-5"/>
      </object_component>
      <object_component id="oc-75">
         <name>.text:__TI_decompress_rle_core</name>
         <load_address>0xd8d8</load_address>
         <run_address>0xd8d8</run_address>
         <size>0x5e</size>
         <input_file_ref idref="fl-3e"/>
      </object_component>
      <object_component id="oc-52">
         <name>.text:_auto_init</name>
         <load_address>0xd936</load_address>
         <run_address>0xd936</run_address>
         <size>0x5e</size>
         <input_file_ref idref="fl-51"/>
      </object_component>
      <object_component id="oc-12a">
         <name>.text:read_slideshow_parameters</name>
         <load_address>0xd994</load_address>
         <run_address>0xd994</run_address>
         <size>0x5e</size>
         <input_file_ref idref="fl-5"/>
      </object_component>
      <object_component id="oc-3cf">
         <name>.text:COG_driver_EPDtype_select</name>
         <load_address>0xd9f2</load_address>
         <run_address>0xd9f2</run_address>
         <size>0x5c</size>
         <input_file_ref idref="fl-b"/>
      </object_component>
      <object_component id="oc-431">
         <name>.text</name>
         <load_address>0xda4e</load_address>
         <run_address>0xda4e</run_address>
         <size>0x58</size>
         <input_file_ref idref="fl-43"/>
      </object_component>
      <object_component id="oc-af">
         <name>.text:EPD_Kit_Tool_process_init</name>
         <load_address>0xdaa6</load_address>
         <run_address>0xdaa6</run_address>
         <size>0x56</size>
         <input_file_ref idref="fl-6"/>
      </object_component>
      <object_component id="oc-338">
         <name>.text:EPD_display_from_flash_prt</name>
         <load_address>0xdafc</load_address>
         <run_address>0xdafc</run_address>
         <size>0x52</size>
         <input_file_ref idref="fl-b"/>
      </object_component>
      <object_component id="oc-2ed">
         <name>.text:return_packets</name>
         <load_address>0xdb4e</load_address>
         <run_address>0xdb4e</run_address>
         <size>0x52</size>
         <input_file_ref idref="fl-4"/>
      </object_component>
      <object_component id="oc-15b">
         <name>.text:EPD_initialize_gpio</name>
         <load_address>0xdba0</load_address>
         <run_address>0xdba0</run_address>
         <size>0x50</size>
         <input_file_ref idref="fl-8"/>
      </object_component>
      <object_component id="oc-b4">
         <name>.text:EPD_Kit_tool_process_task</name>
         <load_address>0xdbf0</load_address>
         <run_address>0xdbf0</run_address>
         <size>0x4c</size>
         <input_file_ref idref="fl-6"/>
      </object_component>
      <object_component id="oc-1f9">
         <name>.text:EPD_display_from_flash</name>
         <load_address>0xdc3c</load_address>
         <run_address>0xdc3c</run_address>
         <size>0x4c</size>
         <input_file_ref idref="fl-a"/>
      </object_component>
      <object_component id="oc-361">
         <name>.text</name>
         <load_address>0xdc88</load_address>
         <run_address>0xdc88</run_address>
         <size>0x4c</size>
         <input_file_ref idref="fl-4a"/>
      </object_component>
      <object_component id="oc-372">
         <name>.text</name>
         <load_address>0xdcd4</load_address>
         <run_address>0xdcd4</run_address>
         <size>0x4a</size>
         <input_file_ref idref="fl-46"/>
      </object_component>
      <object_component id="oc-165">
         <name>.text:epd_spi_init</name>
         <load_address>0xdd1e</load_address>
         <run_address>0xdd1e</run_address>
         <size>0x48</size>
         <input_file_ref idref="fl-9"/>
      </object_component>
      <object_component id="oc-3e8">
         <name>.text:epd_spi_send</name>
         <load_address>0xdd66</load_address>
         <run_address>0xdd66</run_address>
         <size>0x48</size>
         <input_file_ref idref="fl-9"/>
      </object_component>
      <object_component id="oc-a0">
         <name>.text:system_init</name>
         <load_address>0xddae</load_address>
         <run_address>0xddae</run_address>
         <size>0x48</size>
         <input_file_ref idref="fl-c"/>
      </object_component>
      <object_component id="oc-343">
         <name>.text:CMD_SE</name>
         <load_address>0xddf6</load_address>
         <run_address>0xddf6</run_address>
         <size>0x44</size>
         <input_file_ref idref="fl-5"/>
      </object_component>
      <object_component id="oc-3de">
         <name>.text:SPI_R</name>
         <load_address>0xde3a</load_address>
         <run_address>0xde3a</run_address>
         <size>0x40</size>
         <input_file_ref idref="fl-9"/>
      </object_component>
      <object_component id="oc-36e">
         <name>.text</name>
         <load_address>0xde7a</load_address>
         <run_address>0xde7a</run_address>
         <size>0x40</size>
         <input_file_ref idref="fl-42"/>
      </object_component>
      <object_component id="oc-2fb">
         <name>.text:erase_image</name>
         <load_address>0xdeba</load_address>
         <run_address>0xdeba</run_address>
         <size>0x3e</size>
         <input_file_ref idref="fl-5"/>
      </object_component>
      <object_component id="oc-458">
         <name>.text:l_asr_const</name>
         <load_address>0xdef8</load_address>
         <run_address>0xdef8</run_address>
         <size>0x3e</size>
         <input_file_ref idref="fl-3b"/>
      </object_component>
      <object_component id="oc-2f7">
         <name>.text:l_lsl_const</name>
         <load_address>0xdf36</load_address>
         <run_address>0xdf36</run_address>
         <size>0x3e</size>
         <input_file_ref idref="fl-49"/>
      </object_component>
      <object_component id="oc-3e3">
         <name>.text:epd_spi_send_byte</name>
         <load_address>0xdf74</load_address>
         <run_address>0xdf74</run_address>
         <size>0x3c</size>
         <input_file_ref idref="fl-9"/>
      </object_component>
      <object_component id="oc-276">
         <name>.text:data_interface_init</name>
         <load_address>0xdfb0</load_address>
         <run_address>0xdfb0</run_address>
         <size>0x3a</size>
         <input_file_ref idref="fl-2"/>
      </object_component>
      <object_component id="oc-3e">
         <name>.text:USCI0TX_ISR</name>
         <load_address>0xdfea</load_address>
         <run_address>0xdfea</run_address>
         <size>0x38</size>
         <input_file_ref idref="fl-2"/>
      </object_component>
      <object_component id="oc-43e">
         <name>.text:put_system_buffer</name>
         <load_address>0xe022</load_address>
         <run_address>0xe022</run_address>
         <size>0x36</size>
         <input_file_ref idref="fl-4"/>
      </object_component>
      <object_component id="oc-257">
         <name>.text:return_system_packets</name>
         <load_address>0xe058</load_address>
         <run_address>0xe058</run_address>
         <size>0x34</size>
         <input_file_ref idref="fl-4"/>
      </object_component>
      <object_component id="oc-301">
         <name>.text:EPD_power_on</name>
         <load_address>0xe08c</load_address>
         <run_address>0xe08c</run_address>
         <size>0x32</size>
         <input_file_ref idref="fl-b"/>
      </object_component>
      <object_component id="oc-4af">
         <name>.text:nothing_line</name>
         <load_address>0xe0be</load_address>
         <run_address>0xe0be</run_address>
         <size>0x32</size>
         <input_file_ref idref="fl-b"/>
      </object_component>
      <object_component id="oc-368">
         <name>.text:data_transmit</name>
         <load_address>0xe0f0</load_address>
         <run_address>0xe0f0</run_address>
         <size>0x2e</size>
         <input_file_ref idref="fl-2"/>
      </object_component>
      <object_component id="oc-43">
         <name>.text:USCI0RX_ISR</name>
         <load_address>0xe11e</load_address>
         <run_address>0xe11e</run_address>
         <size>0x2c</size>
         <input_file_ref idref="fl-2"/>
      </object_component>
      <object_component id="oc-271">
         <name>.text:data_receive_handle</name>
         <load_address>0xe14a</load_address>
         <run_address>0xe14a</run_address>
         <size>0x2c</size>
         <input_file_ref idref="fl-4"/>
      </object_component>
      <object_component id="oc-181">
         <name>.text</name>
         <load_address>0xe176</load_address>
         <run_address>0xe176</run_address>
         <size>0x2c</size>
         <input_file_ref idref="fl-40"/>
      </object_component>
      <object_component id="oc-35d">
         <name>.text</name>
         <load_address>0xe1a2</load_address>
         <run_address>0xe1a2</run_address>
         <size>0x2c</size>
         <input_file_ref idref="fl-48"/>
      </object_component>
      <object_component id="oc-1e2">
         <name>.text:write_mark</name>
         <load_address>0xe1ce</load_address>
         <run_address>0xe1ce</run_address>
         <size>0x2c</size>
         <input_file_ref idref="fl-5"/>
      </object_component>
      <object_component id="oc-1ec">
         <name>.text:CMD_CE</name>
         <load_address>0xe1fa</load_address>
         <run_address>0xe1fa</run_address>
         <size>0x2a</size>
         <input_file_ref idref="fl-5"/>
      </object_component>
      <object_component id="oc-21f">
         <name>.text:EPD_display_from_flash_Ex</name>
         <load_address>0xe224</load_address>
         <run_address>0xe224</run_address>
         <size>0x28</size>
         <input_file_ref idref="fl-a"/>
      </object_component>
      <object_component id="oc-39c">
         <name>.text:send_flash_address</name>
         <load_address>0xe24c</load_address>
         <run_address>0xe24c</run_address>
         <size>0x28</size>
         <input_file_ref idref="fl-5"/>
      </object_component>
      <object_component id="oc-ef">
         <name>.text:EPD_display_hardware_init</name>
         <load_address>0xe274</load_address>
         <run_address>0xe274</run_address>
         <size>0x26</size>
         <input_file_ref idref="fl-9"/>
      </object_component>
      <object_component id="oc-2f3">
         <name>.text</name>
         <load_address>0xe29a</load_address>
         <run_address>0xe29a</run_address>
         <size>0x26</size>
         <input_file_ref idref="fl-4d"/>
      </object_component>
      <object_component id="oc-114">
         <name>.text:data_controller_init</name>
         <load_address>0xe2c0</load_address>
         <run_address>0xe2c0</run_address>
         <size>0x24</size>
         <input_file_ref idref="fl-4"/>
      </object_component>
      <object_component id="oc-40c">
         <name>.text:stage_handle_ex</name>
         <load_address>0xe2e4</load_address>
         <run_address>0xe2e4</run_address>
         <size>0x22</size>
         <input_file_ref idref="fl-b"/>
      </object_component>
      <object_component id="oc-2c9">
         <name>.text:get_system_buffer</name>
         <load_address>0xe306</load_address>
         <run_address>0xe306</run_address>
         <size>0x20</size>
         <input_file_ref idref="fl-4"/>
      </object_component>
      <object_component id="oc-13b">
         <name>.text:start_EPD_timer</name>
         <load_address>0xe326</load_address>
         <run_address>0xe326</run_address>
         <size>0x20</size>
         <input_file_ref idref="fl-9"/>
      </object_component>
      <object_component id="oc-3f1">
         <name>.text:CMD_RDSR</name>
         <load_address>0xe346</load_address>
         <run_address>0xe346</run_address>
         <size>0x1e</size>
         <input_file_ref idref="fl-5"/>
      </object_component>
      <object_component id="oc-20b">
         <name>.text:epd_spi_detach</name>
         <load_address>0xe364</load_address>
         <run_address>0xe364</run_address>
         <size>0x1e</size>
         <input_file_ref idref="fl-9"/>
      </object_component>
      <object_component id="oc-391">
         <name>.text:epd_spi_write_ex</name>
         <load_address>0xe382</load_address>
         <run_address>0xe382</run_address>
         <size>0x1e</size>
         <input_file_ref idref="fl-9"/>
      </object_component>
      <object_component id="oc-146">
         <name>.text:poll_system_packet_buffer</name>
         <load_address>0xe3a0</load_address>
         <run_address>0xe3a0</run_address>
         <size>0x1e</size>
         <input_file_ref idref="fl-4"/>
      </object_component>
      <object_component id="oc-31d">
         <name>.text:CMD_WREN</name>
         <load_address>0xe3be</load_address>
         <run_address>0xe3be</run_address>
         <size>0x1a</size>
         <input_file_ref idref="fl-5"/>
      </object_component>
      <object_component id="oc-22">
         <name>.text:_c_int00_noexit</name>
         <load_address>0xe3d8</load_address>
         <run_address>0xe3d8</run_address>
         <size>0x1a</size>
         <input_file_ref idref="fl-3c"/>
      </object_component>
      <object_component id="oc-2bb">
         <name>.text:initialize_EPD_timer</name>
         <load_address>0xe3f2</load_address>
         <run_address>0xe3f2</run_address>
         <size>0x18</size>
         <input_file_ref idref="fl-9"/>
      </object_component>
      <object_component id="oc-57">
         <name>.text:main</name>
         <load_address>0xe40a</load_address>
         <run_address>0xe40a</run_address>
         <size>0x18</size>
         <input_file_ref idref="fl-c"/>
      </object_component>
      <object_component id="oc-a5">
         <name>.text:EPD_init</name>
         <load_address>0xe422</load_address>
         <run_address>0xe422</run_address>
         <size>0x16</size>
         <input_file_ref idref="fl-b"/>
      </object_component>
      <object_component id="oc-1b2">
         <name>.text:EPD_power_init</name>
         <load_address>0xe438</load_address>
         <run_address>0xe438</run_address>
         <size>0x16</size>
         <input_file_ref idref="fl-a"/>
      </object_component>
      <object_component id="oc-119">
         <name>.text:delay_ms</name>
         <load_address>0xe44e</load_address>
         <run_address>0xe44e</run_address>
         <size>0x16</size>
         <input_file_ref idref="fl-9"/>
      </object_component>
      <object_component id="oc-2e2">
         <name>.text</name>
         <load_address>0xe464</load_address>
         <run_address>0xe464</run_address>
         <size>0x16</size>
         <input_file_ref idref="fl-41"/>
      </object_component>
      <object_component id="oc-11e">
         <name>.text:check_EPD_extension_board</name>
         <load_address>0xe47a</load_address>
         <run_address>0xe47a</run_address>
         <size>0x14</size>
         <input_file_ref idref="fl-6"/>
      </object_component>
      <object_component id="oc-2c">
         <name>.text:decompress:ZI:__TI_zero_init</name>
         <load_address>0xe48e</load_address>
         <run_address>0xe48e</run_address>
         <size>0x14</size>
         <input_file_ref idref="fl-3f"/>
      </object_component>
      <object_component id="oc-14e">
         <name>.text</name>
         <load_address>0xe4a2</load_address>
         <run_address>0xe4a2</run_address>
         <size>0x14</size>
         <input_file_ref idref="fl-4c"/>
      </object_component>
      <object_component id="oc-48">
         <name>.text:Timer_A0</name>
         <load_address>0xe4b6</load_address>
         <run_address>0xe4b6</run_address>
         <size>0x12</size>
         <input_file_ref idref="fl-9"/>
      </object_component>
      <object_component id="oc-27">
         <name>.text:decompress:none:__TI_decompress_none</name>
         <load_address>0xe4c8</load_address>
         <run_address>0xe4c8</run_address>
         <size>0x12</size>
         <input_file_ref idref="fl-3d"/>
      </object_component>
      <object_component id="oc-62">
         <name>.text:memcpy</name>
         <load_address>0xe4da</load_address>
         <run_address>0xe4da</run_address>
         <size>0x12</size>
         <input_file_ref idref="fl-4b"/>
      </object_component>
      <object_component id="oc-19d">
         <name>.text:return_system_packet_result</name>
         <load_address>0xe4ec</load_address>
         <run_address>0xe4ec</run_address>
         <size>0x12</size>
         <input_file_ref idref="fl-4"/>
      </object_component>
      <object_component id="oc-452">
         <name>.text:epd_spi_read</name>
         <load_address>0xe4fe</load_address>
         <run_address>0xe4fe</run_address>
         <size>0x10</size>
         <input_file_ref idref="fl-9"/>
      </object_component>
      <object_component id="oc-332">
         <name>.text:read_flash</name>
         <load_address>0xe50e</load_address>
         <run_address>0xe50e</run_address>
         <size>0x10</size>
         <input_file_ref idref="fl-5"/>
      </object_component>
      <object_component id="oc-9a">
         <name>.text</name>
         <load_address>0xe51e</load_address>
         <run_address>0xe51e</run_address>
         <size>0x10</size>
         <input_file_ref idref="fl-44"/>
      </object_component>
      <object_component id="oc-34a">
         <name>.text:SPIMISO_low</name>
         <load_address>0xe52e</load_address>
         <run_address>0xe52e</run_address>
         <size>0xe</size>
         <input_file_ref idref="fl-8"/>
      </object_component>
      <object_component id="oc-47f">
         <name>.text:Wait_10us</name>
         <load_address>0xe53c</load_address>
         <run_address>0xe53c</run_address>
         <size>0xe</size>
         <input_file_ref idref="fl-9"/>
      </object_component>
      <object_component id="oc-26c">
         <name>.text:clear_system_buffer</name>
         <load_address>0xe54a</load_address>
         <run_address>0xe54a</run_address>
         <size>0xe</size>
         <input_file_ref idref="fl-4"/>
      </object_component>
      <object_component id="oc-1e7">
         <name>.text:epd_spi_attach</name>
         <load_address>0xe558</load_address>
         <run_address>0xe558</run_address>
         <size>0xe</size>
         <input_file_ref idref="fl-9"/>
      </object_component>
      <object_component id="oc-16a">
         <name>.text:initialize_temperature</name>
         <load_address>0xe566</load_address>
         <run_address>0xe566</run_address>
         <size>0xe</size>
         <input_file_ref idref="fl-9"/>
      </object_component>
      <object_component id="oc-206">
         <name>.text:stop_EPD_timer</name>
         <load_address>0xe574</load_address>
         <run_address>0xe574</run_address>
         <size>0xe</size>
         <input_file_ref idref="fl-9"/>
      </object_component>
      <object_component id="oc-16f">
         <name>.text:EPD_pwm_low</name>
         <load_address>0xe582</load_address>
         <run_address>0xe582</run_address>
         <size>0xc</size>
         <input_file_ref idref="fl-8"/>
      </object_component>
      <object_component id="oc-3f7">
         <name>.text:checkWREN</name>
         <load_address>0xe58e</load_address>
         <run_address>0xe58e</run_address>
         <size>0xc</size>
         <input_file_ref idref="fl-5"/>
      </object_component>
      <object_component id="oc-403">
         <name>.text:epd_spi_write</name>
         <load_address>0xe59a</load_address>
         <run_address>0xe59a</run_address>
         <size>0xc</size>
         <input_file_ref idref="fl-9"/>
      </object_component>
      <object_component id="oc-32c">
         <name>.text:Flash_cs_high</name>
         <load_address>0xe5a6</load_address>
         <run_address>0xe5a6</run_address>
         <size>0xa</size>
         <input_file_ref idref="fl-5"/>
      </object_component>
      <object_component id="oc-322">
         <name>.text:Flash_cs_low</name>
         <load_address>0xe5b0</load_address>
         <run_address>0xe5b0</run_address>
         <size>0xa</size>
         <input_file_ref idref="fl-5"/>
      </object_component>
      <object_component id="oc-318">
         <name>.text:IsFlashBusy</name>
         <load_address>0xe5ba</load_address>
         <run_address>0xe5ba</run_address>
         <size>0xa</size>
         <input_file_ref idref="fl-5"/>
      </object_component>
      <object_component id="oc-aa">
         <name>.text:LED_init</name>
         <load_address>0xe5c4</load_address>
         <run_address>0xe5c4</run_address>
         <size>0xa</size>
         <input_file_ref idref="fl-3"/>
      </object_component>
      <object_component id="oc-39">
         <name>.text:ADC10_ISR</name>
         <load_address>0xe5ce</load_address>
         <run_address>0xe5ce</run_address>
         <size>0x8</size>
         <input_file_ref idref="fl-9"/>
      </object_component>
      <object_component id="oc-3d9">
         <name>.text:EPD_IsBusy</name>
         <load_address>0xe5d6</load_address>
         <run_address>0xe5d6</run_address>
         <size>0x8</size>
         <input_file_ref idref="fl-8"/>
      </object_component>
      <object_component id="oc-3c3">
         <name>.text:EPD_border_high</name>
         <load_address>0xe5de</load_address>
         <run_address>0xe5de</run_address>
         <size>0x8</size>
         <input_file_ref idref="fl-8"/>
      </object_component>
      <object_component id="oc-103">
         <name>.text:EPD_border_low</name>
         <load_address>0xe5e6</load_address>
         <run_address>0xe5e6</run_address>
         <size>0x8</size>
         <input_file_ref idref="fl-8"/>
      </object_component>
      <object_component id="oc-312">
         <name>.text:EPD_cs_high</name>
         <load_address>0xe5ee</load_address>
         <run_address>0xe5ee</run_address>
         <size>0x8</size>
         <input_file_ref idref="fl-8"/>
      </object_component>
      <object_component id="oc-f4">
         <name>.text:EPD_cs_low</name>
         <load_address>0xe5f6</load_address>
         <run_address>0xe5f6</run_address>
         <size>0x8</size>
         <input_file_ref idref="fl-8"/>
      </object_component>
      <object_component id="oc-41b">
         <name>.text:EPD_discharge_high</name>
         <load_address>0xe5fe</load_address>
         <run_address>0xe5fe</run_address>
         <size>0x8</size>
         <input_file_ref idref="fl-8"/>
      </object_component>
      <object_component id="oc-fe">
         <name>.text:EPD_discharge_low</name>
         <load_address>0xe606</load_address>
         <run_address>0xe606</run_address>
         <size>0x8</size>
         <input_file_ref idref="fl-8"/>
      </object_component>
      <object_component id="oc-2d3">
         <name>.text:EPD_flash_cs_high</name>
         <load_address>0xe60e</load_address>
         <run_address>0xe60e</run_address>
         <size>0x8</size>
         <input_file_ref idref="fl-8"/>
      </object_component>
      <object_component id="oc-3fd">
         <name>.text:EPD_flash_cs_low</name>
         <load_address>0xe616</load_address>
         <run_address>0xe616</run_address>
         <size>0x8</size>
         <input_file_ref idref="fl-8"/>
      </object_component>
      <object_component id="oc-354">
         <name>.text:SPICLK_low</name>
         <load_address>0xe61e</load_address>
         <run_address>0xe61e</run_address>
         <size>0x8</size>
         <input_file_ref idref="fl-8"/>
      </object_component>
      <object_component id="oc-34f">
         <name>.text:SPIMOSI_low</name>
         <load_address>0xe626</load_address>
         <run_address>0xe626</run_address>
         <size>0x8</size>
         <input_file_ref idref="fl-8"/>
      </object_component>
      <object_component id="oc-396">
         <name>.text:get_byte</name>
         <load_address>0xe62e</load_address>
         <run_address>0xe62e</run_address>
         <size>0x8</size>
         <input_file_ref idref="fl-5"/>
      </object_component>
      <object_component id="oc-152">
         <name>.text:get_current_time_tick</name>
         <load_address>0xe636</load_address>
         <run_address>0xe636</run_address>
         <size>0x8</size>
         <input_file_ref idref="fl-9"/>
      </object_component>
      <object_component id="oc-160">
         <name>.text:EPD_Vcc_turn_off</name>
         <load_address>0xe63e</load_address>
         <run_address>0xe63e</run_address>
         <size>0x6</size>
         <input_file_ref idref="fl-8"/>
      </object_component>
      <object_component id="oc-3be">
         <name>.text:EPD_Vcc_turn_on</name>
         <load_address>0xe644</load_address>
         <run_address>0xe644</run_address>
         <size>0x6</size>
         <input_file_ref idref="fl-8"/>
      </object_component>
      <object_component id="oc-3c8">
         <name>.text:EPD_rst_high</name>
         <load_address>0xe64a</load_address>
         <run_address>0xe64a</run_address>
         <size>0x6</size>
         <input_file_ref idref="fl-8"/>
      </object_component>
      <object_component id="oc-f9">
         <name>.text:EPD_rst_low</name>
         <load_address>0xe650</load_address>
         <run_address>0xe650</run_address>
         <size>0x6</size>
         <input_file_ref idref="fl-8"/>
      </object_component>
      <object_component id="oc-109">
         <name>.text:LED_OFF</name>
         <load_address>0xe656</load_address>
         <run_address>0xe656</run_address>
         <size>0x6</size>
         <input_file_ref idref="fl-3"/>
      </object_component>
      <object_component id="oc-140">
         <name>.text:LED_ON</name>
         <load_address>0xe65c</load_address>
         <run_address>0xe65c</run_address>
         <size>0x6</size>
         <input_file_ref idref="fl-3"/>
      </object_component>
      <object_component id="oc-131">
         <name>.text:LED_Trigger</name>
         <load_address>0xe662</load_address>
         <run_address>0xe662</run_address>
         <size>0x6</size>
         <input_file_ref idref="fl-3"/>
      </object_component>
      <object_component id="oc-31">
         <name>.text:decompress:rle24:__TI_decompress_rle24</name>
         <load_address>0xe668</load_address>
         <run_address>0xe668</run_address>
         <size>0x6</size>
         <input_file_ref idref="fl-3e"/>
      </object_component>
      <object_component id="oc-2c3">
         <name>.text:number_of_system_buffer</name>
         <load_address>0xe66e</load_address>
         <run_address>0xe66e</run_address>
         <size>0x6</size>
         <input_file_ref idref="fl-4"/>
      </object_component>
      <object_component id="oc-1f3">
         <name>.text:read_flash_handle</name>
         <load_address>0xe674</load_address>
         <run_address>0xe674</run_address>
         <size>0x6</size>
         <input_file_ref idref="fl-6"/>
      </object_component>
      <object_component id="oc-327">
         <name>.text:send_byte</name>
         <load_address>0xe67a</load_address>
         <run_address>0xe67a</run_address>
         <size>0x6</size>
         <input_file_ref idref="fl-5"/>
      </object_component>
      <object_component id="oc-215">
         <name>.text:set_current_time_tick</name>
         <load_address>0xe680</load_address>
         <run_address>0xe680</run_address>
         <size>0x6</size>
         <input_file_ref idref="fl-9"/>
      </object_component>
      <object_component id="oc-191">
         <name>.text:write_flash</name>
         <load_address>0xe686</load_address>
         <run_address>0xe686</run_address>
         <size>0x6</size>
         <input_file_ref idref="fl-5"/>
      </object_component>
      <object_component id="oc-4d">
         <name>.text:_system_pre_init</name>
         <load_address>0xe68c</load_address>
         <run_address>0xe68c</run_address>
         <size>0x4</size>
         <input_file_ref idref="fl-4e"/>
      </object_component>
      <object_component id="oc-5c">
         <name>.text:abort</name>
         <load_address>0xe690</load_address>
         <run_address>0xe690</run_address>
         <size>0x4</size>
         <input_file_ref idref="fl-45"/>
      </object_component>
      <object_component id="oc-519">
         <name>.cinit..data.load</name>
         <load_address>0xea3e</load_address>
         <run_address>0xea3e</run_address>
         <size>0x6</size>
      </object_component>
      <object_component id="oc-516">
         <name>__TI_handler_table</name>
         <load_address>0xea44</load_address>
         <run_address>0xea44</run_address>
         <size>0x6</size>
      </object_component>
      <object_component id="oc-518">
         <name>.cinit..bss.load</name>
         <load_address>0xea4a</load_address>
         <run_address>0xea4a</run_address>
         <size>0x4</size>
      </object_component>
      <object_component id="oc-517">
         <name>__TI_cinit_table</name>
         <load_address>0xea4e</load_address>
         <run_address>0xea4e</run_address>
         <size>0x8</size>
      </object_component>
      <object_component id="oc-365">
         <name>.const:ASCII_character_bitmaps</name>
         <load_address>0xe694</load_address>
         <run_address>0xe694</run_address>
         <size>0x2f8</size>
         <input_file_ref idref="fl-7"/>
      </object_component>
      <object_component id="oc-479">
         <name>.const:E_Waveform</name>
         <load_address>0xe98c</load_address>
         <run_address>0xe98c</run_address>
         <size>0x6c</size>
         <input_file_ref idref="fl-b"/>
      </object_component>
      <object_component id="oc-17c">
         <name>.const:COG_parameters</name>
         <load_address>0xe9f8</load_address>
         <run_address>0xe9f8</run_address>
         <size>0x3c</size>
         <input_file_ref idref="fl-b"/>
      </object_component>
      <object_component id="oc-256">
         <name>.const:.string</name>
         <load_address>0xea34</load_address>
         <run_address>0xea34</run_address>
         <size>0x6</size>
         <input_file_ref idref="fl-6"/>
      </object_component>
      <object_component id="oc-4bc">
         <name>.const:.string:SCAN_TABLE</name>
         <load_address>0xea3a</load_address>
         <run_address>0xea3a</run_address>
         <size>0x4</size>
         <input_file_ref idref="fl-b"/>
      </object_component>
      <object_component id="oc-1e">
         <name>.int05</name>
         <load_address>0xffea</load_address>
         <run_address>0xffea</run_address>
         <size>0x2</size>
         <input_file_ref idref="fl-9"/>
      </object_component>
      <object_component id="oc-1f">
         <name>.int06</name>
         <load_address>0xffec</load_address>
         <run_address>0xffec</run_address>
         <size>0x2</size>
         <input_file_ref idref="fl-2"/>
      </object_component>
      <object_component id="oc-20">
         <name>.int07</name>
         <load_address>0xffee</load_address>
         <run_address>0xffee</run_address>
         <size>0x2</size>
         <input_file_ref idref="fl-2"/>
      </object_component>
      <object_component id="oc-21">
         <name>.int08</name>
         <load_address>0xfff0</load_address>
         <run_address>0xfff0</run_address>
         <size>0x2</size>
         <input_file_ref idref="fl-9"/>
      </object_component>
      <object_component id="oc-38">
         <name>.reset</name>
         <load_address>0xfffe</load_address>
         <run_address>0xfffe</run_address>
         <size>0x2</size>
         <input_file_ref idref="fl-3c"/>
      </object_component>
      <object_component id="oc-38d">
         <name>.common:_RxEventHandle</name>
         <uninitialized>true</uninitialized>
         <run_address>0x2e6</run_address>
         <size>0x2</size>
      </object_component>
      <object_component id="oc-42f">
         <name>.common:tx_iptr</name>
         <uninitialized>true</uninitialized>
         <run_address>0x2fd</run_address>
         <size>0x1</size>
      </object_component>
      <object_component id="oc-42b">
         <name>.common:tx_optr</name>
         <uninitialized>true</uninitialized>
         <run_address>0x2fe</run_address>
         <size>0x1</size>
      </object_component>
      <object_component id="oc-42d">
         <name>.common:tx_buf</name>
         <uninitialized>true</uninitialized>
         <run_address>0x2ca</run_address>
         <size>0x10</size>
      </object_component>
      <object_component id="oc-2ce">
         <name>.common:_receive_packets_event</name>
         <uninitialized>true</uninitialized>
         <run_address>0x2e8</run_address>
         <size>0x2</size>
      </object_component>
      <object_component id="oc-44f">
         <name>.common:data_Rx_buffer</name>
         <uninitialized>true</uninitialized>
         <run_address>0x296</run_address>
         <size>0x23</size>
      </object_component>
      <object_component id="oc-49d">
         <name>.common:system_packets</name>
         <uninitialized>true</uninitialized>
         <run_address>0x270</run_address>
         <size>0x26</size>
      </object_component>
      <object_component id="oc-49f">
         <name>.common:system_packet_count</name>
         <uninitialized>true</uninitialized>
         <run_address>0x2fa</run_address>
         <size>0x1</size>
      </object_component>
      <object_component id="oc-3b1">
         <name>.common:system_packet_get_index</name>
         <uninitialized>true</uninitialized>
         <run_address>0x2fb</run_address>
         <size>0x1</size>
      </object_component>
      <object_component id="oc-4a0">
         <name>.common:system_packet_put_index</name>
         <uninitialized>true</uninitialized>
         <run_address>0x2fc</run_address>
         <size>0x1</size>
      </object_component>
      <object_component id="oc-2b4">
         <name>.common:image_info</name>
         <uninitialized>true</uninitialized>
         <run_address>0x2ba</run_address>
         <size>0x10</size>
      </object_component>
      <object_component id="oc-2b8">
         <name>.common:slideshow_parameter</name>
         <uninitialized>true</uninitialized>
         <run_address>0x2da</run_address>
         <size>0x4</size>
      </object_component>
      <object_component id="oc-1e1">
         <name>.common:write_flash_address</name>
         <uninitialized>true</uninitialized>
         <run_address>0x2de</run_address>
         <size>0x4</size>
      </object_component>
      <object_component id="oc-284">
         <name>.common:board_is_connected</name>
         <uninitialized>true</uninitialized>
         <run_address>0x26f</run_address>
         <size>0x1</size>
      </object_component>
      <object_component id="oc-1de">
         <name>.common:image_count</name>
         <uninitialized>true</uninitialized>
         <run_address>0x2f6</run_address>
         <size>0x2</size>
      </object_component>
      <object_component id="oc-18a">
         <name>.common:line_count</name>
         <uninitialized>true</uninitialized>
         <run_address>0x2b9</run_address>
         <size>0x1</size>
      </object_component>
      <object_component id="oc-19a">
         <name>.common:rest_data_count</name>
         <uninitialized>true</uninitialized>
         <run_address>0x2f8</run_address>
         <size>0x1</size>
      </object_component>
      <object_component id="oc-1df">
         <name>.common:address_offset</name>
         <uninitialized>true</uninitialized>
         <run_address>0x2ec</run_address>
         <size>0x2</size>
      </object_component>
      <object_component id="oc-2b9">
         <name>.common:slideshow_index</name>
         <uninitialized>true</uninitialized>
         <run_address>0x2f9</run_address>
         <size>0x1</size>
      </object_component>
      <object_component id="oc-3a9">
         <name>.common:EPD_Counter</name>
         <uninitialized>true</uninitialized>
         <run_address>0x2e2</run_address>
         <size>0x2</size>
      </object_component>
      <object_component id="oc-4d1">
         <name>.common:action__Waveform_param</name>
         <uninitialized>true</uninitialized>
         <run_address>0x2ea</run_address>
         <size>0x2</size>
      </object_component>
      <object_component id="oc-4cb">
         <name>.common:COG_Line</name>
         <uninitialized>true</uninitialized>
         <run_address>0x200</run_address>
         <size>0x6f</size>
      </object_component>
      <object_component id="oc-4ba">
         <name>.common:_On_EPD_read_flash</name>
         <uninitialized>true</uninitialized>
         <run_address>0x2e4</run_address>
         <size>0x2</size>
      </object_component>
      <object_component id="oc-4e5">
         <name>.common:data_line_even</name>
         <uninitialized>true</uninitialized>
         <run_address>0x2f0</run_address>
         <size>0x2</size>
      </object_component>
      <object_component id="oc-4e1">
         <name>.common:data_line_odd</name>
         <uninitialized>true</uninitialized>
         <run_address>0x2f2</run_address>
         <size>0x2</size>
      </object_component>
      <object_component id="oc-4cc">
         <name>.common:data_line_scan</name>
         <uninitialized>true</uninitialized>
         <run_address>0x2f4</run_address>
         <size>0x2</size>
      </object_component>
      <object_component id="oc-4be">
         <name>.common:data_line_border_byte</name>
         <uninitialized>true</uninitialized>
         <run_address>0x2ee</run_address>
         <size>0x2</size>
      </object_component>
      <object_component id="oc-2da">
         <name>.data</name>
         <load_address>0x2ff</load_address>
         <run_address>0x2ff</run_address>
         <size>0x1</size>
         <input_file_ref idref="fl-9"/>
      </object_component>
      <object_component id="oc-30e">
         <name>.data</name>
         <load_address>0x300</load_address>
         <run_address>0x300</run_address>
         <size>0x1</size>
         <input_file_ref idref="fl-5"/>
      </object_component>
      <object_component id="oc-23">
         <name>.debug_info</name>
         <load_address>0x0</load_address>
         <run_address>0x0</run_address>
         <size>0x125</size>
         <input_file_ref idref="fl-3c"/>
      </object_component>
      <object_component id="oc-28">
         <name>.debug_info</name>
         <load_address>0x125</load_address>
         <run_address>0x125</run_address>
         <size>0x194</size>
         <input_file_ref idref="fl-3d"/>
      </object_component>
      <object_component id="oc-2f">
         <name>.debug_info</name>
         <load_address>0x2b9</load_address>
         <run_address>0x2b9</run_address>
         <size>0x16a</size>
         <input_file_ref idref="fl-3f"/>
      </object_component>
      <object_component id="oc-34">
         <name>.debug_info</name>
         <load_address>0x423</load_address>
         <run_address>0x423</run_address>
         <size>0x18e</size>
         <input_file_ref idref="fl-3e"/>
      </object_component>
      <object_component id="oc-37">
         <name>.debug_info</name>
         <load_address>0x5b1</load_address>
         <run_address>0x5b1</run_address>
         <size>0xaa</size>
         <input_file_ref idref="fl-3c"/>
      </object_component>
      <object_component id="oc-3a">
         <name>.debug_info</name>
         <load_address>0x65b</load_address>
         <run_address>0x65b</run_address>
         <size>0x1e4</size>
         <input_file_ref idref="fl-9"/>
      </object_component>
      <object_component id="oc-3f">
         <name>.debug_info</name>
         <load_address>0x83f</load_address>
         <run_address>0x83f</run_address>
         <size>0x1b5</size>
         <input_file_ref idref="fl-2"/>
      </object_component>
      <object_component id="oc-44">
         <name>.debug_info</name>
         <load_address>0x9f4</load_address>
         <run_address>0x9f4</run_address>
         <size>0x1bc</size>
         <input_file_ref idref="fl-2"/>
      </object_component>
      <object_component id="oc-49">
         <name>.debug_info</name>
         <load_address>0xbb0</load_address>
         <run_address>0xbb0</run_address>
         <size>0x1df</size>
         <input_file_ref idref="fl-9"/>
      </object_component>
      <object_component id="oc-4e">
         <name>.debug_info</name>
         <load_address>0xd8f</load_address>
         <run_address>0xd8f</run_address>
         <size>0xfd</size>
         <input_file_ref idref="fl-4e"/>
      </object_component>
      <object_component id="oc-53">
         <name>.debug_info</name>
         <load_address>0xe8c</load_address>
         <run_address>0xe8c</run_address>
         <size>0x14d</size>
         <input_file_ref idref="fl-51"/>
      </object_component>
      <object_component id="oc-58">
         <name>.debug_info</name>
         <load_address>0xfd9</load_address>
         <run_address>0xfd9</run_address>
         <size>0x1c8</size>
         <input_file_ref idref="fl-c"/>
      </object_component>
      <object_component id="oc-60">
         <name>.debug_info</name>
         <load_address>0x11a1</load_address>
         <run_address>0x11a1</run_address>
         <size>0xcc</size>
         <input_file_ref idref="fl-45"/>
      </object_component>
      <object_component id="oc-64">
         <name>.debug_info</name>
         <load_address>0x126d</load_address>
         <run_address>0x126d</run_address>
         <size>0x157</size>
         <input_file_ref idref="fl-4b"/>
      </object_component>
      <object_component id="oc-68">
         <name>.debug_info</name>
         <load_address>0x13c4</load_address>
         <run_address>0x13c4</run_address>
         <size>0x46</size>
         <input_file_ref idref="fl-3d"/>
      </object_component>
      <object_component id="oc-6d">
         <name>.debug_info</name>
         <load_address>0x140a</load_address>
         <run_address>0x140a</run_address>
         <size>0x164</size>
         <input_file_ref idref="fl-3d"/>
      </object_component>
      <object_component id="oc-6f">
         <name>.debug_info</name>
         <load_address>0x156e</load_address>
         <run_address>0x156e</run_address>
         <size>0x46</size>
         <input_file_ref idref="fl-3f"/>
      </object_component>
      <object_component id="oc-74">
         <name>.debug_info</name>
         <load_address>0x15b4</load_address>
         <run_address>0x15b4</run_address>
         <size>0x11f</size>
         <input_file_ref idref="fl-3f"/>
      </object_component>
      <object_component id="oc-78">
         <name>.debug_info</name>
         <load_address>0x16d3</load_address>
         <run_address>0x16d3</run_address>
         <size>0x1e9</size>
         <input_file_ref idref="fl-3e"/>
      </object_component>
      <object_component id="oc-7b">
         <name>.debug_info</name>
         <load_address>0x18bc</load_address>
         <run_address>0x18bc</run_address>
         <size>0x129</size>
         <input_file_ref idref="fl-3e"/>
      </object_component>
      <object_component id="oc-7c">
         <name>.debug_info</name>
         <load_address>0x19e5</load_address>
         <run_address>0x19e5</run_address>
         <size>0x39</size>
         <input_file_ref idref="fl-3e"/>
      </object_component>
      <object_component id="oc-83">
         <name>.debug_info</name>
         <load_address>0x1a1e</load_address>
         <run_address>0x1a1e</run_address>
         <size>0x84</size>
         <input_file_ref idref="fl-2"/>
      </object_component>
      <object_component id="oc-8a">
         <name>.debug_info</name>
         <load_address>0x1aa2</load_address>
         <run_address>0x1aa2</run_address>
         <size>0x457</size>
         <input_file_ref idref="fl-2"/>
      </object_component>
      <object_component id="oc-97">
         <name>.debug_info</name>
         <load_address>0x1ef9</load_address>
         <run_address>0x1ef9</run_address>
         <size>0x741</size>
         <input_file_ref idref="fl-9"/>
      </object_component>
      <object_component id="oc-9d">
         <name>.debug_info</name>
         <load_address>0x263a</load_address>
         <run_address>0x263a</run_address>
         <size>0xe1</size>
         <input_file_ref idref="fl-44"/>
      </object_component>
      <object_component id="oc-9f">
         <name>.debug_info</name>
         <load_address>0x271b</load_address>
         <run_address>0x271b</run_address>
         <size>0x2ba</size>
         <input_file_ref idref="fl-51"/>
      </object_component>
      <object_component id="oc-a1">
         <name>.debug_info</name>
         <load_address>0x29d5</load_address>
         <run_address>0x29d5</run_address>
         <size>0x178</size>
         <input_file_ref idref="fl-c"/>
      </object_component>
      <object_component id="oc-a6">
         <name>.debug_info</name>
         <load_address>0x2b4d</load_address>
         <run_address>0x2b4d</run_address>
         <size>0x262</size>
         <input_file_ref idref="fl-b"/>
      </object_component>
      <object_component id="oc-ab">
         <name>.debug_info</name>
         <load_address>0x2daf</load_address>
         <run_address>0x2daf</run_address>
         <size>0x1b0</size>
         <input_file_ref idref="fl-3"/>
      </object_component>
      <object_component id="oc-b0">
         <name>.debug_info</name>
         <load_address>0x2f5f</load_address>
         <run_address>0x2f5f</run_address>
         <size>0x289</size>
         <input_file_ref idref="fl-6"/>
      </object_component>
      <object_component id="oc-b5">
         <name>.debug_info</name>
         <load_address>0x31e8</load_address>
         <run_address>0x31e8</run_address>
         <size>0x25c</size>
         <input_file_ref idref="fl-6"/>
      </object_component>
      <object_component id="oc-bc">
         <name>.debug_info</name>
         <load_address>0x3444</load_address>
         <run_address>0x3444</run_address>
         <size>0x127</size>
         <input_file_ref idref="fl-4b"/>
      </object_component>
      <object_component id="oc-bd">
         <name>.debug_info</name>
         <load_address>0x356b</load_address>
         <run_address>0x356b</run_address>
         <size>0x2c</size>
         <input_file_ref idref="fl-2"/>
      </object_component>
      <object_component id="oc-c2">
         <name>.debug_info</name>
         <load_address>0x3597</load_address>
         <run_address>0x3597</run_address>
         <size>0x2c</size>
         <input_file_ref idref="fl-3d"/>
      </object_component>
      <object_component id="oc-d0">
         <name>.debug_info</name>
         <load_address>0x35c3</load_address>
         <run_address>0x35c3</run_address>
         <size>0xd5</size>
         <input_file_ref idref="fl-2"/>
      </object_component>
      <object_component id="oc-d5">
         <name>.debug_info</name>
         <load_address>0x3698</load_address>
         <run_address>0x3698</run_address>
         <size>0x18b</size>
         <input_file_ref idref="fl-2"/>
      </object_component>
      <object_component id="oc-da">
         <name>.debug_info</name>
         <load_address>0x3823</load_address>
         <run_address>0x3823</run_address>
         <size>0x93</size>
         <input_file_ref idref="fl-2"/>
      </object_component>
      <object_component id="oc-e4">
         <name>.debug_info</name>
         <load_address>0x38b6</load_address>
         <run_address>0x38b6</run_address>
         <size>0x39</size>
         <input_file_ref idref="fl-51"/>
      </object_component>
      <object_component id="oc-ea">
         <name>.debug_info</name>
         <load_address>0x38ef</load_address>
         <run_address>0x38ef</run_address>
         <size>0x1ae</size>
         <input_file_ref idref="fl-c"/>
      </object_component>
      <object_component id="oc-f0">
         <name>.debug_info</name>
         <load_address>0x3a9d</load_address>
         <run_address>0x3a9d</run_address>
         <size>0x2c6</size>
         <input_file_ref idref="fl-9"/>
      </object_component>
      <object_component id="oc-f5">
         <name>.debug_info</name>
         <load_address>0x3d63</load_address>
         <run_address>0x3d63</run_address>
         <size>0x1dc</size>
         <input_file_ref idref="fl-8"/>
      </object_component>
      <object_component id="oc-fa">
         <name>.debug_info</name>
         <load_address>0x3f3f</load_address>
         <run_address>0x3f3f</run_address>
         <size>0x1de</size>
         <input_file_ref idref="fl-8"/>
      </object_component>
      <object_component id="oc-ff">
         <name>.debug_info</name>
         <load_address>0x411d</load_address>
         <run_address>0x411d</run_address>
         <size>0x1ea</size>
         <input_file_ref idref="fl-8"/>
      </object_component>
      <object_component id="oc-104">
         <name>.debug_info</name>
         <load_address>0x4307</load_address>
         <run_address>0x4307</run_address>
         <size>0x1e4</size>
         <input_file_ref idref="fl-8"/>
      </object_component>
      <object_component id="oc-10a">
         <name>.debug_info</name>
         <load_address>0x44eb</load_address>
         <run_address>0x44eb</run_address>
         <size>0x1a0</size>
         <input_file_ref idref="fl-3"/>
      </object_component>
      <object_component id="oc-110">
         <name>.debug_info</name>
         <load_address>0x468b</load_address>
         <run_address>0x468b</run_address>
         <size>0x848</size>
         <input_file_ref idref="fl-6"/>
      </object_component>
      <object_component id="oc-115">
         <name>.debug_info</name>
         <load_address>0x4ed3</load_address>
         <run_address>0x4ed3</run_address>
         <size>0x23c</size>
         <input_file_ref idref="fl-4"/>
      </object_component>
      <object_component id="oc-11a">
         <name>.debug_info</name>
         <load_address>0x510f</load_address>
         <run_address>0x510f</run_address>
         <size>0x1f8</size>
         <input_file_ref idref="fl-9"/>
      </object_component>
      <object_component id="oc-11f">
         <name>.debug_info</name>
         <load_address>0x5307</load_address>
         <run_address>0x5307</run_address>
         <size>0x1e9</size>
         <input_file_ref idref="fl-6"/>
      </object_component>
      <object_component id="oc-124">
         <name>.debug_info</name>
         <load_address>0x54f0</load_address>
         <run_address>0x54f0</run_address>
         <size>0xb06</size>
         <input_file_ref idref="fl-6"/>
      </object_component>
      <object_component id="oc-12b">
         <name>.debug_info</name>
         <load_address>0x5ff6</load_address>
         <run_address>0x5ff6</run_address>
         <size>0x25f</size>
         <input_file_ref idref="fl-5"/>
      </object_component>
      <object_component id="oc-132">
         <name>.debug_info</name>
         <load_address>0x6255</load_address>
         <run_address>0x6255</run_address>
         <size>0x1a8</size>
         <input_file_ref idref="fl-3"/>
      </object_component>
      <object_component id="oc-137">
         <name>.debug_info</name>
         <load_address>0x63fd</load_address>
         <run_address>0x63fd</run_address>
         <size>0x21f</size>
         <input_file_ref idref="fl-6"/>
      </object_component>
      <object_component id="oc-13c">
         <name>.debug_info</name>
         <load_address>0x661c</load_address>
         <run_address>0x661c</run_address>
         <size>0x207</size>
         <input_file_ref idref="fl-9"/>
      </object_component>
      <object_component id="oc-141">
         <name>.debug_info</name>
         <load_address>0x6823</load_address>
         <run_address>0x6823</run_address>
         <size>0x19e</size>
         <input_file_ref idref="fl-3"/>
      </object_component>
      <object_component id="oc-147">
         <name>.debug_info</name>
         <load_address>0x69c1</load_address>
         <run_address>0x69c1</run_address>
         <size>0x219</size>
         <input_file_ref idref="fl-4"/>
      </object_component>
      <object_component id="oc-150">
         <name>.debug_info</name>
         <load_address>0x6bda</load_address>
         <run_address>0x6bda</run_address>
         <size>0xd4</size>
         <input_file_ref idref="fl-4c"/>
      </object_component>
      <object_component id="oc-153">
         <name>.debug_info</name>
         <load_address>0x6cae</load_address>
         <run_address>0x6cae</run_address>
         <size>0x1fc</size>
         <input_file_ref idref="fl-9"/>
      </object_component>
      <object_component id="oc-15c">
         <name>.debug_info</name>
         <load_address>0x6eaa</load_address>
         <run_address>0x6eaa</run_address>
         <size>0x21b</size>
         <input_file_ref idref="fl-8"/>
      </object_component>
      <object_component id="oc-161">
         <name>.debug_info</name>
         <load_address>0x70c5</load_address>
         <run_address>0x70c5</run_address>
         <size>0x1e8</size>
         <input_file_ref idref="fl-8"/>
      </object_component>
      <object_component id="oc-166">
         <name>.debug_info</name>
         <load_address>0x72ad</load_address>
         <run_address>0x72ad</run_address>
         <size>0x1e6</size>
         <input_file_ref idref="fl-9"/>
      </object_component>
      <object_component id="oc-16b">
         <name>.debug_info</name>
         <load_address>0x7493</load_address>
         <run_address>0x7493</run_address>
         <size>0x1fd</size>
         <input_file_ref idref="fl-9"/>
      </object_component>
      <object_component id="oc-170">
         <name>.debug_info</name>
         <load_address>0x7690</load_address>
         <run_address>0x7690</run_address>
         <size>0x1de</size>
         <input_file_ref idref="fl-8"/>
      </object_component>
      <object_component id="oc-17d">
         <name>.debug_info</name>
         <load_address>0x786e</load_address>
         <run_address>0x786e</run_address>
         <size>0x154</size>
         <input_file_ref idref="fl-b"/>
      </object_component>
      <object_component id="oc-184">
         <name>.debug_info</name>
         <load_address>0x79c2</load_address>
         <run_address>0x79c2</run_address>
         <size>0xe8</size>
         <input_file_ref idref="fl-40"/>
      </object_component>
      <object_component id="oc-192">
         <name>.debug_info</name>
         <load_address>0x7aaa</load_address>
         <run_address>0x7aaa</run_address>
         <size>0x20d</size>
         <input_file_ref idref="fl-5"/>
      </object_component>
      <object_component id="oc-19e">
         <name>.debug_info</name>
         <load_address>0x7cb7</load_address>
         <run_address>0x7cb7</run_address>
         <size>0x21d</size>
         <input_file_ref idref="fl-4"/>
      </object_component>
      <object_component id="oc-1ad">
         <name>.debug_info</name>
         <load_address>0x7ed4</load_address>
         <run_address>0x7ed4</run_address>
         <size>0x505</size>
         <input_file_ref idref="fl-5"/>
      </object_component>
      <object_component id="oc-1b3">
         <name>.debug_info</name>
         <load_address>0x83d9</load_address>
         <run_address>0x83d9</run_address>
         <size>0x263</size>
         <input_file_ref idref="fl-a"/>
      </object_component>
      <object_component id="oc-1ba">
         <name>.debug_info</name>
         <load_address>0x863c</load_address>
         <run_address>0x863c</run_address>
         <size>0x2e9</size>
         <input_file_ref idref="fl-5"/>
      </object_component>
      <object_component id="oc-1c7">
         <name>.debug_info</name>
         <load_address>0x8925</load_address>
         <run_address>0x8925</run_address>
         <size>0x2e3</size>
         <input_file_ref idref="fl-5"/>
      </object_component>
      <object_component id="oc-1d3">
         <name>.debug_info</name>
         <load_address>0x8c08</load_address>
         <run_address>0x8c08</run_address>
         <size>0x299</size>
         <input_file_ref idref="fl-5"/>
      </object_component>
      <object_component id="oc-1e3">
         <name>.debug_info</name>
         <load_address>0x8ea1</load_address>
         <run_address>0x8ea1</run_address>
         <size>0x1fd</size>
         <input_file_ref idref="fl-5"/>
      </object_component>
      <object_component id="oc-1e8">
         <name>.debug_info</name>
         <load_address>0x909e</load_address>
         <run_address>0x909e</run_address>
         <size>0x227</size>
         <input_file_ref idref="fl-9"/>
      </object_component>
      <object_component id="oc-1ed">
         <name>.debug_info</name>
         <load_address>0x92c5</load_address>
         <run_address>0x92c5</run_address>
         <size>0x1f9</size>
         <input_file_ref idref="fl-5"/>
      </object_component>
      <object_component id="oc-1f4">
         <name>.debug_info</name>
         <load_address>0x94be</load_address>
         <run_address>0x94be</run_address>
         <size>0x238</size>
         <input_file_ref idref="fl-6"/>
      </object_component>
      <object_component id="oc-1fa">
         <name>.debug_info</name>
         <load_address>0x96f6</load_address>
         <run_address>0x96f6</run_address>
         <size>0x3c2</size>
         <input_file_ref idref="fl-a"/>
      </object_component>
      <object_component id="oc-202">
         <name>.debug_info</name>
         <load_address>0x9ab8</load_address>
         <run_address>0x9ab8</run_address>
         <size>0x26b</size>
         <input_file_ref idref="fl-5"/>
      </object_component>
      <object_component id="oc-207">
         <name>.debug_info</name>
         <load_address>0x9d23</load_address>
         <run_address>0x9d23</run_address>
         <size>0x1ea</size>
         <input_file_ref idref="fl-9"/>
      </object_component>
      <object_component id="oc-20c">
         <name>.debug_info</name>
         <load_address>0x9f0d</load_address>
         <run_address>0x9f0d</run_address>
         <size>0x21f</size>
         <input_file_ref idref="fl-9"/>
      </object_component>
      <object_component id="oc-216">
         <name>.debug_info</name>
         <load_address>0xa12c</load_address>
         <run_address>0xa12c</run_address>
         <size>0x223</size>
         <input_file_ref idref="fl-9"/>
      </object_component>
      <object_component id="oc-220">
         <name>.debug_info</name>
         <load_address>0xa34f</load_address>
         <run_address>0xa34f</run_address>
         <size>0x32b</size>
         <input_file_ref idref="fl-a"/>
      </object_component>
      <object_component id="oc-247">
         <name>.debug_info</name>
         <load_address>0xa67a</load_address>
         <run_address>0xa67a</run_address>
         <size>0x459</size>
         <input_file_ref idref="fl-5"/>
      </object_component>
      <object_component id="oc-258">
         <name>.debug_info</name>
         <load_address>0xaad3</load_address>
         <run_address>0xaad3</run_address>
         <size>0x214</size>
         <input_file_ref idref="fl-4"/>
      </object_component>
      <object_component id="oc-25e">
         <name>.debug_info</name>
         <load_address>0xace7</load_address>
         <run_address>0xace7</run_address>
         <size>0x289</size>
         <input_file_ref idref="fl-9"/>
      </object_component>
      <object_component id="oc-263">
         <name>.debug_info</name>
         <load_address>0xaf70</load_address>
         <run_address>0xaf70</run_address>
         <size>0x72</size>
         <input_file_ref idref="fl-2"/>
      </object_component>
      <object_component id="oc-269">
         <name>.debug_info</name>
         <load_address>0xafe2</load_address>
         <run_address>0xafe2</run_address>
         <size>0x46f</size>
         <input_file_ref idref="fl-4"/>
      </object_component>
      <object_component id="oc-26d">
         <name>.debug_info</name>
         <load_address>0xb451</load_address>
         <run_address>0xb451</run_address>
         <size>0x1b7</size>
         <input_file_ref idref="fl-4"/>
      </object_component>
      <object_component id="oc-272">
         <name>.debug_info</name>
         <load_address>0xb608</load_address>
         <run_address>0xb608</run_address>
         <size>0x219</size>
         <input_file_ref idref="fl-4"/>
      </object_component>
      <object_component id="oc-277">
         <name>.debug_info</name>
         <load_address>0xb821</load_address>
         <run_address>0xb821</run_address>
         <size>0x212</size>
         <input_file_ref idref="fl-2"/>
      </object_component>
      <object_component id="oc-27f">
         <name>.debug_info</name>
         <load_address>0xba33</load_address>
         <run_address>0xba33</run_address>
         <size>0x2e0</size>
         <input_file_ref idref="fl-5"/>
      </object_component>
      <object_component id="oc-288">
         <name>.debug_info</name>
         <load_address>0xbd13</load_address>
         <run_address>0xbd13</run_address>
         <size>0x16f</size>
         <input_file_ref idref="fl-6"/>
      </object_component>
      <object_component id="oc-28d">
         <name>.debug_info</name>
         <load_address>0xbe82</load_address>
         <run_address>0xbe82</run_address>
         <size>0x422</size>
         <input_file_ref idref="fl-2"/>
      </object_component>
      <object_component id="oc-292">
         <name>.debug_info</name>
         <load_address>0xc2a4</load_address>
         <run_address>0xc2a4</run_address>
         <size>0x55</size>
         <input_file_ref idref="fl-2"/>
      </object_component>
      <object_component id="oc-298">
         <name>.debug_info</name>
         <load_address>0xc2f9</load_address>
         <run_address>0xc2f9</run_address>
         <size>0x2fc</size>
         <input_file_ref idref="fl-5"/>
      </object_component>
      <object_component id="oc-29d">
         <name>.debug_info</name>
         <load_address>0xc5f5</load_address>
         <run_address>0xc5f5</run_address>
         <size>0x46a</size>
         <input_file_ref idref="fl-5"/>
      </object_component>
      <object_component id="oc-2bc">
         <name>.debug_info</name>
         <load_address>0xca5f</load_address>
         <run_address>0xca5f</run_address>
         <size>0x1f5</size>
         <input_file_ref idref="fl-9"/>
      </object_component>
      <object_component id="oc-2c4">
         <name>.debug_info</name>
         <load_address>0xcc54</load_address>
         <run_address>0xcc54</run_address>
         <size>0x1c3</size>
         <input_file_ref idref="fl-4"/>
      </object_component>
      <object_component id="oc-2ca">
         <name>.debug_info</name>
         <load_address>0xce17</load_address>
         <run_address>0xce17</run_address>
         <size>0x1de</size>
         <input_file_ref idref="fl-4"/>
      </object_component>
      <object_component id="oc-2d4">
         <name>.debug_info</name>
         <load_address>0xcff5</load_address>
         <run_address>0xcff5</run_address>
         <size>0x1ea</size>
         <input_file_ref idref="fl-8"/>
      </object_component>
      <object_component id="oc-2db">
         <name>.debug_info</name>
         <load_address>0xd1df</load_address>
         <run_address>0xd1df</run_address>
         <size>0x153</size>
         <input_file_ref idref="fl-9"/>
      </object_component>
      <object_component id="oc-2e1">
         <name>.debug_info</name>
         <load_address>0xd332</load_address>
         <run_address>0xd332</run_address>
         <size>0x750</size>
         <input_file_ref idref="fl-b"/>
      </object_component>
      <object_component id="oc-2e4">
         <name>.debug_info</name>
         <load_address>0xda82</load_address>
         <run_address>0xda82</run_address>
         <size>0xd4</size>
         <input_file_ref idref="fl-41"/>
      </object_component>
      <object_component id="oc-2e8">
         <name>.debug_info</name>
         <load_address>0xdb56</load_address>
         <run_address>0xdb56</run_address>
         <size>0x2fe</size>
         <input_file_ref idref="fl-5"/>
      </object_component>
      <object_component id="oc-2ee">
         <name>.debug_info</name>
         <load_address>0xde54</load_address>
         <run_address>0xde54</run_address>
         <size>0x242</size>
         <input_file_ref idref="fl-4"/>
      </object_component>
      <object_component id="oc-2f6">
         <name>.debug_info</name>
         <load_address>0xe096</load_address>
         <run_address>0xe096</run_address>
         <size>0xd4</size>
         <input_file_ref idref="fl-4d"/>
      </object_component>
      <object_component id="oc-2fa">
         <name>.debug_info</name>
         <load_address>0xe16a</load_address>
         <run_address>0xe16a</run_address>
         <size>0xd9</size>
         <input_file_ref idref="fl-49"/>
      </object_component>
      <object_component id="oc-2fc">
         <name>.debug_info</name>
         <load_address>0xe243</load_address>
         <run_address>0xe243</run_address>
         <size>0x240</size>
         <input_file_ref idref="fl-5"/>
      </object_component>
      <object_component id="oc-302">
         <name>.debug_info</name>
         <load_address>0xe483</load_address>
         <run_address>0xe483</run_address>
         <size>0x2a0</size>
         <input_file_ref idref="fl-b"/>
      </object_component>
      <object_component id="oc-307">
         <name>.debug_info</name>
         <load_address>0xe723</load_address>
         <run_address>0xe723</run_address>
         <size>0x457</size>
         <input_file_ref idref="fl-b"/>
      </object_component>
      <object_component id="oc-30f">
         <name>.debug_info</name>
[...]
         <value>0xdd1e</value>
         <object_component_ref idref="oc-165"/>
      </symbol>
      <symbol id="sm-3fa">
         <name>epd_spi_read</name>
         <value>0xe4fe</value>
         <object_component_ref idref="oc-452"/>
      </symbol>
      <symbol id="sm-3fb">
         <name>epd_spi_write</name>
         <value>0xe59a</value>
         <object_component_ref idref="oc-403"/>
      </symbol>
      <symbol id="sm-3fc">
         <name>delay_ms</name>
         <value>0xe44e</value>
         <object_component_ref idref="oc-119"/>
      </symbol>
      <symbol id="sm-3fd">
         <name>SPI_R</name>
         <value>0xde3a</value>
         <object_component_ref idref="oc-3de"/>
      </symbol>
      <symbol id="sm-3fe">
         <name>epd_spi_detach</name>
         <value>0xe364</value>
         <object_component_ref idref="oc-20b"/>
      </symbol>
      <symbol id="sm-3ff">
         <name>set_current_time_tick</name>
         <value>0xe680</value>
         <object_component_ref idref="oc-215"/>
      </symbol>
      <symbol id="sm-400">
         <name>Timer_A0</name>
         <value>0xe4b6</value>
         <object_component_ref idref="oc-48"/>
      </symbol>
      <symbol id="sm-401">
         <name>epd_spi_attach</name>
         <value>0xe558</value>
         <object_component_ref idref="oc-1e7"/>
      </symbol>
      <symbol id="sm-415">
         <name>EPD_display_from_flash</name>
         <value>0xdc3c</value>
         <object_component_ref idref="oc-1f9"/>
      </symbol>
      <symbol id="sm-416">
         <name>EPD_display_from_flash_Ex</name>
         <value>0xe224</value>
         <object_component_ref idref="oc-21f"/>
      </symbol>
      <symbol id="sm-417">
         <name>EPD_power_init</name>
         <value>0xe438</value>
         <object_component_ref idref="oc-1b2"/>
      </symbol>
      <symbol id="sm-4e4">
         <name>COG_driver_EPDtype_select</name>
         <value>0xd9f2</value>
         <object_component_ref idref="oc-3cf"/>
      </symbol>
      <symbol id="sm-4e5">
         <name>EPD_power_on</name>
         <value>0xe08c</value>
         <object_component_ref idref="oc-301"/>
      </symbol>
      <symbol id="sm-4e6">
         <name>nothing_line</name>
         <value>0xe0be</value>
         <object_component_ref idref="oc-4af"/>
      </symbol>
      <symbol id="sm-4e7">
         <name>read_line_data_handle</name>
         <value>0xcb0a</value>
         <object_component_ref idref="oc-4b4"/>
      </symbol>
      <symbol id="sm-4e8">
         <name>EPD_init</name>
         <value>0xe422</value>
         <object_component_ref idref="oc-a5"/>
      </symbol>
      <symbol id="sm-4e9">
         <name>EPD_power_off</name>
         <value>0xce46</value>
         <object_component_ref idref="oc-33d"/>
      </symbol>
      <symbol id="sm-4ea">
         <name>stage_init</name>
         <value>0xd65a</value>
         <object_component_ref idref="oc-4a8"/>
      </symbol>
      <symbol id="sm-4eb">
         <name>stage_handle_Base</name>
         <value>0xc4fe</value>
         <object_component_ref idref="oc-48b"/>
      </symbol>
      <symbol id="sm-4ec">
         <name>EPD_initialize_driver</name>
         <value>0xcfa4</value>
         <object_component_ref idref="oc-306"/>
      </symbol>
      <symbol id="sm-4ed">
         <name>SCAN_TABLE</name>
         <value>0xea3a</value>
         <object_component_ref idref="oc-4bc"/>
      </symbol>
      <symbol id="sm-4ee">
         <name>EPD_display_from_flash_prt</name>
         <value>0xdafc</value>
         <object_component_ref idref="oc-338"/>
      </symbol>
      <symbol id="sm-4ef">
         <name>COG_parameters</name>
         <value>0xe9f8</value>
         <object_component_ref idref="oc-17c"/>
      </symbol>
      <symbol id="sm-4f0">
         <name>E_Waveform</name>
         <value>0xe98c</value>
         <object_component_ref idref="oc-479"/>
      </symbol>
      <symbol id="sm-50f">
         <name>set_MCU_frequency</name>
         <value>0xd4c6</value>
         <object_component_ref idref="oc-e9"/>
      </symbol>
      <symbol id="sm-510">
         <name>system_init</name>
         <value>0xddae</value>
         <object_component_ref idref="oc-a0"/>
      </symbol>
      <symbol id="sm-511">
         <name>main</name>
         <value>0xe40a</value>
         <object_component_ref idref="oc-57"/>
      </symbol>
      <symbol id="sm-519">
         <name>__mspabi_sral_15</name>
         <value>0xdef8</value>
         <object_component_ref idref="oc-458"/>
      </symbol>
      <symbol id="sm-51a">
         <name>__mspabi_sral_14</name>
         <value>0xdefc</value>
         <object_component_ref idref="oc-458"/>
      </symbol>
      <symbol id="sm-51b">
         <name>__mspabi_sral_13</name>
         <value>0xdf00</value>
         <object_component_ref idref="oc-458"/>
      </symbol>
      <symbol id="sm-51c">
         <name>__mspabi_sral_12</name>
         <value>0xdf04</value>
         <object_component_ref idref="oc-458"/>
      </symbol>
      <symbol id="sm-51d">
         <name>__mspabi_sral_11</name>
         <value>0xdf08</value>
         <object_component_ref idref="oc-458"/>
      </symbol>
      <symbol id="sm-51e">
         <name>__mspabi_sral_10</name>
         <value>0xdf0c</value>
         <object_component_ref idref="oc-458"/>
      </symbol>
      <symbol id="sm-51f">
         <name>__mspabi_sral_8</name>
         <value>0xdf14</value>
         <object_component_ref idref="oc-458"/>
      </symbol>
      <symbol id="sm-520">
         <name>__mspabi_sral_9</name>
         <value>0xdf10</value>
         <object_component_ref idref="oc-458"/>
      </symbol>
      <symbol id="sm-521">
         <name>__mspabi_sral_6</name>
         <value>0xdf1c</value>
         <object_component_ref idref="oc-458"/>
      </symbol>
      <symbol id="sm-522">
         <name>__mspabi_sral_7</name>
         <value>0xdf18</value>
         <object_component_ref idref="oc-458"/>
      </symbol>
      <symbol id="sm-523">
         <name>__mspabi_sral_4</name>
         <value>0xdf24</value>
         <object_component_ref idref="oc-458"/>
      </symbol>
      <symbol id="sm-524">
         <name>__mspabi_sral_5</name>
         <value>0xdf20</value>
         <object_component_ref idref="oc-458"/>
      </symbol>
      <symbol id="sm-525">
         <name>__mspabi_sral_2</name>
         <value>0xdf2c</value>
         <object_component_ref idref="oc-458"/>
      </symbol>
      <symbol id="sm-526">
         <name>__mspabi_sral_3</name>
         <value>0xdf28</value>
         <object_component_ref idref="oc-458"/>
      </symbol>
      <symbol id="sm-527">
         <name>__mspabi_sral_1</name>
         <value>0xdf30</value>
         <object_component_ref idref="oc-458"/>
      </symbol>
      <symbol id="sm-535">
         <name>_c_int00_noexit</name>
         <value>0xe3d8</value>
         <object_component_ref idref="oc-22"/>
      </symbol>
      <symbol id="sm-536">
         <name>_c_int00</name>
         <value>0xe3d8</value>
         <object_component_ref idref="oc-22"/>
      </symbol>
      <symbol id="sm-537">
         <name>_stack</name>
         <value>0x3b0</value>
         <object_component_ref idref="oc-36"/>
      </symbol>
      <symbol id="sm-538">
         <name>_reset_vector</name>
         <value>0xfffe</value>
         <object_component_ref idref="oc-38"/>
      </symbol>
      <symbol id="sm-54d">
         <name>__TI_decompress_none</name>
         <value>0xe4c8</value>
         <object_component_ref idref="oc-27"/>
      </symbol>
      <symbol id="sm-56d">
         <name>__TI_decompress_rle24</name>
         <value>0xe668</value>
         <object_component_ref idref="oc-31"/>
      </symbol>
      <symbol id="sm-57f">
         <name>__TI_zero_init</name>
         <value>0xe48e</value>
         <object_component_ref idref="oc-2c"/>
      </symbol>
      <symbol id="sm-58a">
         <name>__mspabi_remi</name>
         <value>0xe176</value>
         <object_component_ref idref="oc-181"/>
      </symbol>
      <symbol id="sm-58b">
         <name>__mspabi_divi</name>
         <value>0xe176</value>
         <object_component_ref idref="oc-181"/>
      </symbol>
      <symbol id="sm-594">
         <name>__mspabi_remu</name>
         <value>0xe464</value>
         <object_component_ref idref="oc-2e2"/>
      </symbol>
      <symbol id="sm-595">
         <name>__mspabi_divu</name>
         <value>0xe464</value>
         <object_component_ref idref="oc-2e2"/>
      </symbol>
      <symbol id="sm-5a0">
         <name>__mspabi_remli</name>
         <value>0xde7a</value>
         <object_component_ref idref="oc-36e"/>
      </symbol>
      <symbol id="sm-5a1">
         <name>__mspabi_divli</name>
         <value>0xde7a</value>
         <object_component_ref idref="oc-36e"/>
      </symbol>
      <symbol id="sm-5ae">
         <name>__mspabi_remul</name>
         <value>0xda4e</value>
         <object_component_ref idref="oc-431"/>
      </symbol>
      <symbol id="sm-5af">
         <name>__mspabi_divul</name>
         <value>0xda4e</value>
         <object_component_ref idref="oc-431"/>
      </symbol>
      <symbol id="sm-5b7">
         <name>__mspabi_func_epilog_2</name>
         <value>0xe528</value>
         <object_component_ref idref="oc-9a"/>
      </symbol>
      <symbol id="sm-5b8">
         <name>__mspabi_func_epilog_3</name>
         <value>0xe526</value>
         <object_component_ref idref="oc-9a"/>
      </symbol>
      <symbol id="sm-5b9">
         <name>__mspabi_func_epilog_1</name>
         <value>0xe52a</value>
         <object_component_ref idref="oc-9a"/>
      </symbol>
      <symbol id="sm-5ba">
         <name>__mspabi_func_epilog_6</name>
         <value>0xe520</value>
         <object_component_ref idref="oc-9a"/>
      </symbol>
      <symbol id="sm-5bb">
         <name>__mspabi_func_epilog_7</name>
         <value>0xe51e</value>
         <object_component_ref idref="oc-9a"/>
      </symbol>
      <symbol id="sm-5bc">
         <name>__mspabi_func_epilog_4</name>
         <value>0xe524</value>
         <object_component_ref idref="oc-9a"/>
      </symbol>
      <symbol id="sm-5bd">
         <name>__mspabi_func_epilog_5</name>
         <value>0xe522</value>
         <object_component_ref idref="oc-9a"/>
      </symbol>
      <symbol id="sm-5c6">
         <name>C$$EXIT</name>
         <value>0xe690</value>
         <object_component_ref idref="oc-5c"/>
      </symbol>
      <symbol id="sm-5c7">
         <name>abort</name>
         <value>0xe690</value>
         <object_component_ref idref="oc-5c"/>
      </symbol>
      <symbol id="sm-5d5">
         <name>__mspabi_fltlif</name>
         <value>0xdcd4</value>
         <object_component_ref idref="oc-372"/>
      </symbol>
      <symbol id="sm-5e6">
         <name>__mspabi_fixfi</name>
         <value>0xd7a6</value>
         <object_component_ref idref="oc-376"/>
      </symbol>
      <symbol id="sm-5ed">
         <name>__mspabi_slli</name>
         <value>0xe1a2</value>
         <object_component_ref idref="oc-35d"/>
      </symbol>
      <symbol id="sm-5ee">
         <name>__mspabi_slli_9</name>
         <value>0xe1ba</value>
         <object_component_ref idref="oc-35d"/>
      </symbol>
      <symbol id="sm-5ef">
         <name>__mspabi_slli_8</name>
         <value>0xe1bc</value>
         <object_component_ref idref="oc-35d"/>
      </symbol>
      <symbol id="sm-5f0">
         <name>__mspabi_slli_7</name>
         <value>0xe1be</value>
         <object_component_ref idref="oc-35d"/>
      </symbol>
      <symbol id="sm-5f1">
         <name>__mspabi_slli_6</name>
         <value>0xe1c0</value>
         <object_component_ref idref="oc-35d"/>
      </symbol>
      <symbol id="sm-5f2">
         <name>__mspabi_slli_5</name>
         <value>0xe1c2</value>
         <object_component_ref idref="oc-35d"/>
      </symbol>
      <symbol id="sm-5f3">
         <name>__mspabi_slli_4</name>
         <value>0xe1c4</value>
         <object_component_ref idref="oc-35d"/>
      </symbol>
      <symbol id="sm-5f4">
         <name>__mspabi_slli_3</name>
         <value>0xe1c6</value>
         <object_component_ref idref="oc-35d"/>
      </symbol>
      <symbol id="sm-5f5">
         <name>__mspabi_slli_2</name>
         <value>0xe1c8</value>
         <object_component_ref idref="oc-35d"/>
      </symbol>
      <symbol id="sm-5f6">
         <name>__mspabi_slli_1</name>
         <value>0xe1ca</value>
         <object_component_ref idref="oc-35d"/>
      </symbol>
      <symbol id="sm-5f7">
         <name>__mspabi_slli_15</name>
         <value>0xe1ae</value>
         <object_component_ref idref="oc-35d"/>
      </symbol>
      <symbol id="sm-5f8">
         <name>__mspabi_slli_14</name>
         <value>0xe1b0</value>
         <object_component_ref idref="oc-35d"/>
      </symbol>
      <symbol id="sm-5f9">
         <name>__mspabi_slli_13</name>
         <value>0xe1b2</value>
         <object_component_ref idref="oc-35d"/>
      </symbol>
      <symbol id="sm-5fa">
         <name>__mspabi_slli_12</name>
         <value>0xe1b4</value>
         <object_component_ref idref="oc-35d"/>
      </symbol>
      <symbol id="sm-5fb">
         <name>__mspabi_slli_11</name>
         <value>0xe1b6</value>
         <object_component_ref idref="oc-35d"/>
      </symbol>
      <symbol id="sm-5fc">
         <name>__mspabi_slli_10</name>
         <value>0xe1b8</value>
         <object_component_ref idref="oc-35d"/>
      </symbol>
      <symbol id="sm-603">
         <name>__mspabi_slll_9</name>
         <value>0xdf4e</value>
         <object_component_ref idref="oc-2f7"/>
      </symbol>
      <symbol id="sm-604">
         <name>__mspabi_slll_8</name>
         <value>0xdf52</value>
         <object_component_ref idref="oc-2f7"/>
      </symbol>
      <symbol id="sm-605">
         <name>__mspabi_slll_7</name>
         <value>0xdf56</value>
         <object_component_ref idref="oc-2f7"/>
      </symbol>
      <symbol id="sm-606">
         <name>__mspabi_slll_6</name>
         <value>0xdf5a</value>
         <object_component_ref idref="oc-2f7"/>
      </symbol>
      <symbol id="sm-607">
         <name>__mspabi_slll_5</name>
         <value>0xdf5e</value>
         <object_component_ref idref="oc-2f7"/>
      </symbol>
      <symbol id="sm-608">
         <name>__mspabi_slll_4</name>
         <value>0xdf62</value>
         <object_component_ref idref="oc-2f7"/>
      </symbol>
      <symbol id="sm-609">
         <name>__mspabi_slll_3</name>
         <value>0xdf66</value>
         <object_component_ref idref="oc-2f7"/>
      </symbol>
      <symbol id="sm-60a">
         <name>__mspabi_slll_2</name>
         <value>0xdf6a</value>
         <object_component_ref idref="oc-2f7"/>
      </symbol>
      <symbol id="sm-60b">
         <name>__mspabi_slll_1</name>
         <value>0xdf6e</value>
         <object_component_ref idref="oc-2f7"/>
      </symbol>
      <symbol id="sm-60c">
         <name>__mspabi_slll_15</name>
         <value>0xdf36</value>
         <object_component_ref idref="oc-2f7"/>
      </symbol>
      <symbol id="sm-60d">
         <name>__mspabi_slll_14</name>
         <value>0xdf3a</value>
         <object_component_ref idref="oc-2f7"/>
      </symbol>
      <symbol id="sm-60e">
         <name>__mspabi_slll_13</name>
         <value>0xdf3e</value>
         <object_component_ref idref="oc-2f7"/>
      </symbol>
      <symbol id="sm-60f">
         <name>__mspabi_slll_12</name>
         <value>0xdf42</value>
         <object_component_ref idref="oc-2f7"/>
      </symbol>
      <symbol id="sm-610">
         <name>__mspabi_slll_11</name>
         <value>0xdf46</value>
         <object_component_ref idref="oc-2f7"/>
      </symbol>
      <symbol id="sm-611">
         <name>__mspabi_slll_10</name>
         <value>0xdf4a</value>
         <object_component_ref idref="oc-2f7"/>
      </symbol>
      <symbol id="sm-618">
         <name>__mspabi_srli_8</name>
         <value>0xdcb2</value>
         <object_component_ref idref="oc-361"/>
      </symbol>
      <symbol id="sm-619">
         <name>__mspabi_srli_9</name>
         <value>0xdcae</value>
         <object_component_ref idref="oc-361"/>
      </symbol>
      <symbol id="sm-61a">
         <name>__mspabi_srli_6</name>
         <value>0xdcba</value>
         <object_component_ref idref="oc-361"/>
      </symbol>
      <symbol id="sm-61b">
         <name>__mspabi_srli_7</name>
         <value>0xdcb6</value>
         <object_component_ref idref="oc-361"/>
      </symbol>
      <symbol id="sm-61c">
         <name>__mspabi_srli_4</name>
         <value>0xdcc2</value>
         <object_component_ref idref="oc-361"/>
      </symbol>
      <symbol id="sm-61d">
         <name>__mspabi_srli_5</name>
         <value>0xdcbe</value>
         <object_component_ref idref="oc-361"/>
      </symbol>
      <symbol id="sm-61e">
         <name>__mspabi_srli_2</name>
         <value>0xdcca</value>
         <object_component_ref idref="oc-361"/>
      </symbol>
      <symbol id="sm-61f">
         <name>__mspabi_srli_3</name>
         <value>0xdcc6</value>
         <object_component_ref idref="oc-361"/>
      </symbol>
      <symbol id="sm-620">
         <name>__mspabi_srli_1</name>
         <value>0xdcce</value>
         <object_component_ref idref="oc-361"/>
      </symbol>
      <symbol id="sm-621">
         <name>__mspabi_srli</name>
         <value>0xdc88</value>
         <object_component_ref idref="oc-361"/>
      </symbol>
      <symbol id="sm-622">
         <name>__mspabi_srli_15</name>
         <value>0xdc96</value>
         <object_component_ref idref="oc-361"/>
      </symbol>
      <symbol id="sm-623">
         <name>__mspabi_srli_14</name>
         <value>0xdc9a</value>
         <object_component_ref idref="oc-361"/>
      </symbol>
      <symbol id="sm-624">
         <name>__mspabi_srli_13</name>
         <value>0xdc9e</value>
         <object_component_ref idref="oc-361"/>
      </symbol>
      <symbol id="sm-625">
         <name>__mspabi_srli_12</name>
         <value>0xdca2</value>
         <object_component_ref idref="oc-361"/>
      </symbol>
      <symbol id="sm-626">
         <name>__mspabi_srli_11</name>
         <value>0xdca6</value>
         <object_component_ref idref="oc-361"/>
      </symbol>
      <symbol id="sm-627">
         <name>__mspabi_srli_10</name>
         <value>0xdcaa</value>
         <object_component_ref idref="oc-361"/>
      </symbol>
      <symbol id="sm-634">
         <name>memcpy</name>
         <value>0xe4da</value>
         <object_component_ref idref="oc-62"/>
      </symbol>
      <symbol id="sm-63d">
         <name>__mspabi_mpyi</name>
         <value>0xe4a2</value>
         <object_component_ref idref="oc-14e"/>
      </symbol>
      <symbol id="sm-646">
         <name>__mspabi_mpyl</name>
         <value>0xe29a</value>
         <object_component_ref idref="oc-2f3"/>
      </symbol>
      <symbol id="sm-64e">
         <name>_system_pre_init</name>
         <value>0xe68c</value>
         <object_component_ref idref="oc-4d"/>
      </symbol>
      <symbol id="sm-665">
         <name>_auto_init</name>
         <value>0xd936</value>
         <object_component_ref idref="oc-52"/>
      </symbol>
      <symbol id="sm-666">
         <name>__TI_exit</name>
         <value>0x1</value>
      </symbol>
      <symbol id="sm-667">
         <name>__TI_args_main</name>
         <value>0x1</value>
      </symbol>
      <symbol id="sm-668">
         <name>__TI_INITARRAY_Base</name>
         <value>0x0</value>
      </symbol>
      <symbol id="sm-669">
         <name>__TI_INITARRAY_Limit</name>
         <value>0x0</value>
      </symbol>
      <symbol id="sm-66c">
         <name>sys_delay_ms</name>
         <value>0xe44e</value>
      </symbol>
      <symbol id="sm-66d">
         <name>EPD_display_init</name>
         <value>0xe422</value>
      </symbol>
   </symbol_table>
   <title>Link successful</title>
</link_info>
